


ARM Macro Assembler    Page 1 


    1 00000000                 AREA             text, CODE, READONLY
    2 00000000                 export           add_asm
    3 00000000         
    4 00000000         add_asm
    5 00000000         
    6 00000000 EE30 0A80       vadd.f32         S0,S1,S0
    7 00000004 4770            BX               LR
    8 00000006         
    9 00000006                 END
Command Line: --debug --xref --diag_suppress=9931 --cpu=Cortex-M4.fp.sp --apcs=
interwork --depend=.\objects\add_asm.d -o.\objects\add_asm.o -I.\RTE\_Gxx_Lab0 
-I"C:\Users\Yinuo A Wang\AppData\Local\Arm\Packs\ARM\CMSIS\5.6.0\CMSIS\Core\Inc
lude" -I"C:\Users\Yinuo A Wang\AppData\Local\Arm\Packs\ARM\CMSIS\5.6.0\CMSIS\DS
P\Include" -I"C:\Users\Yinuo A Wang\AppData\Local\Arm\Packs\ARM\CMSIS\5.6.0\Dev
ice\ARM\ARMCM4\Include" --predefine="__EVAL SETA 1" --predefine="__UVISION_VERS
ION SETA 529" --predefine="_RTE_ SETA 1" --predefine="ARMCM4_FP SETA 1" --list=
.\listings\add_asm.lst asm\add_asm.s



ARM Macro Assembler    Page 1 Alphabetic symbol ordering
Relocatable symbols

add_asm 00000000

Symbol: add_asm
   Definitions
      At line 4 in file asm\add_asm.s
   Uses
      At line 2 in file asm\add_asm.s
Comment: add_asm used once
text 00000000

Symbol: text
   Definitions
      At line 1 in file asm\add_asm.s
   Uses
      None
Comment: text unused
2 symbols
337 symbols in table
