Component: ARM Compiler 5.06 update 6 (build 750) Tool: armlink [4d35ed]

==============================================================================

Section Cross References

    main.o(i.main) refers to _printf_percent.o(.ARM.Collect$$_printf_percent$$00000000) for _printf_percent
    main.o(i.main) refers to _printf_f.o(.ARM.Collect$$_printf_percent$$00000003) for _printf_f
    main.o(i.main) refers to printf1.o(x$fpl$printf1) for _printf_fp_dec
    main.o(i.main) refers to f2d.o(x$fpl$f2d) for __aeabi_f2d
    main.o(i.main) refers to noretval__2printf.o(.text) for __2printf
    main.o(i.main) refers to arm_mult_f32.o(.text.arm_mult_f32) for arm_mult_f32
    main.o(i.main) refers to main.o(.data) for f1000_array
    main.o(i.main) refers to main.o(.conststring) for .conststring
    retarget_io.o(i.ITM_ReceiveChar) refers to retarget_io.o(.data) for ITM_RxBuffer
    retarget_io.o(i._sys_open) refers to strcmpv7m.o(.text) for strcmp
    retarget_io.o(i._sys_write) refers to retarget_io.o(i.stdout_putchar) for stdout_putchar
    retarget_io.o(i.stdout_putchar) refers to retarget_io.o(i.ITM_SendChar) for ITM_SendChar
    startup_armcm4.o(STACK) refers (Special) to heapauxi.o(.text) for __use_two_region_memory
    startup_armcm4.o(HEAP) refers (Special) to heapauxi.o(.text) for __use_two_region_memory
    startup_armcm4.o(RESET) refers (Special) to heapauxi.o(.text) for __use_two_region_memory
    startup_armcm4.o(RESET) refers to startup_armcm4.o(STACK) for __initial_sp
    startup_armcm4.o(RESET) refers to startup_armcm4.o(.text) for Reset_Handler
    startup_armcm4.o(.text) refers (Special) to heapauxi.o(.text) for __use_two_region_memory
    startup_armcm4.o(.text) refers to system_armcm4.o(i.SystemInit) for SystemInit
    startup_armcm4.o(.text) refers to __main.o(!!!main) for __main
    startup_armcm4.o(.text) refers to startup_armcm4.o(HEAP) for Heap_Mem
    startup_armcm4.o(.text) refers to startup_armcm4.o(STACK) for Stack_Mem
    system_armcm4.o(i.SystemCoreClockUpdate) refers to system_armcm4.o(.data) for SystemCoreClock
    system_armcm4.o(i.SystemInit) refers to startup_armcm4.o(RESET) for __Vectors
    system_armcm4.o(i.SystemInit) refers to system_armcm4.o(.data) for SystemCoreClock
    arm_mult_f32.o(.ARM.exidx.text.arm_mult_f32) refers to arm_mult_f32.o(.text.arm_mult_f32) for [Anonymous Symbol]
    __2printf.o(.text) refers to _printf_char_file.o(.text) for _printf_char_file
    __2printf.o(.text) refers to stdio_streams.o(.bss) for __stdout
    noretval__2printf.o(.text) refers to _printf_char_file.o(.text) for _printf_char_file
    noretval__2printf.o(.text) refers to stdio_streams.o(.bss) for __stdout
    __printf.o(.text) refers to _printf_percent.o(.ARM.Collect$$_printf_percent$$00000000) for _printf_percent
    __printf_flags.o(.text) refers to _printf_percent.o(.ARM.Collect$$_printf_percent$$00000000) for _printf_percent
    __printf_flags.o(.text) refers to __printf_flags.o(.constdata) for .constdata
    __printf_ss.o(.text) refers to _printf_percent.o(.ARM.Collect$$_printf_percent$$00000000) for _printf_percent
    __printf_flags_ss.o(.text) refers to _printf_percent.o(.ARM.Collect$$_printf_percent$$00000000) for _printf_percent
    __printf_flags_ss.o(.text) refers to __printf_flags_ss.o(.constdata) for .constdata
    __printf_wp.o(.text) refers to __printf_wp.o(i._is_digit) for _is_digit
    __printf_wp.o(.text) refers to _printf_percent.o(.ARM.Collect$$_printf_percent$$00000000) for _printf_percent
    __printf_flags_wp.o(.text) refers to __printf_wp.o(i._is_digit) for _is_digit
    __printf_flags_wp.o(.text) refers to _printf_percent.o(.ARM.Collect$$_printf_percent$$00000000) for _printf_percent
    __printf_flags_wp.o(.text) refers to __printf_flags_wp.o(.constdata) for .constdata
    __printf_ss_wp.o(.text) refers to __printf_wp.o(i._is_digit) for _is_digit
    __printf_ss_wp.o(.text) refers to _printf_percent.o(.ARM.Collect$$_printf_percent$$00000000) for _printf_percent
    __printf_flags_ss_wp.o(.text) refers to __printf_wp.o(i._is_digit) for _is_digit
    __printf_flags_ss_wp.o(.text) refers to _printf_percent.o(.ARM.Collect$$_printf_percent$$00000000) for _printf_percent
    __printf_flags_ss_wp.o(.text) refers to __printf_flags_ss_wp.o(.constdata) for .constdata
    _printf_f.o(.ARM.Collect$$_printf_percent$$00000003) refers (Weak) to printf1.o(x$fpl$printf1) for _printf_fp_dec
    _printf_percent.o(.ARM.Collect$$_printf_percent$$00000000) refers (Special) to _printf_percent_end.o(.ARM.Collect$$_printf_percent$$00000017) for _printf_percent_end
    __main.o(!!!main) refers to __rtentry.o(.ARM.Collect$$rtentry$$00000000) for __rt_entry
    f2d.o(x$fpl$f2d) refers (Special) to usenofp.o(x$fpl$usenofp) for __I$use$fp
    f2d.o(x$fpl$f2d) refers to fnaninf.o(x$fpl$fnaninf) for __fpl_fnaninf
    f2d.o(x$fpl$f2d) refers to dretinf.o(x$fpl$dretinf) for __fpl_dretinf
    printf1.o(x$fpl$printf1) refers to _printf_fp_dec.o(.text) for _printf_fp_dec_real
[...]
    libinit.o(.ARM.Collect$$libinit$$00000000) refers (Special) to libinit2.o(.ARM.Collect$$libinit$$00000025) for __rt_lib_init_stdio_1
    libinit.o(.ARM.Collect$$libinit$$00000000) refers (Special) to libinit2.o(.ARM.Collect$$libinit$$0000000C) for __rt_lib_init_user_alloc_1
    libinit2.o(.ARM.Collect$$libinit$$00000001) refers to fpinit.o(x$fpl$fpinit) for _fp_init
    libinit2.o(.ARM.Collect$$libinit$$00000005) refers (Weak) to init_alloc.o(.text) for _init_alloc
    libinit2.o(.ARM.Collect$$libinit$$0000000F) refers (Weak) to rt_locale_intlibspace.o(.text) for __rt_locale
    libinit2.o(.ARM.Collect$$libinit$$00000010) refers to libinit2.o(.ARM.Collect$$libinit$$0000000F) for .ARM.Collect$$libinit$$0000000F
    libinit2.o(.ARM.Collect$$libinit$$00000012) refers to libinit2.o(.ARM.Collect$$libinit$$0000000F) for .ARM.Collect$$libinit$$0000000F
    libinit2.o(.ARM.Collect$$libinit$$00000014) refers to libinit2.o(.ARM.Collect$$libinit$$0000000F) for .ARM.Collect$$libinit$$0000000F
    libinit2.o(.ARM.Collect$$libinit$$00000016) refers to libinit2.o(.ARM.Collect$$libinit$$0000000F) for .ARM.Collect$$libinit$$0000000F
    libinit2.o(.ARM.Collect$$libinit$$00000016) refers (Weak) to lc_numeric_c.o(locale$$code) for _get_lc_numeric
    libinit2.o(.ARM.Collect$$libinit$$00000018) refers to libinit2.o(.ARM.Collect$$libinit$$0000000F) for .ARM.Collect$$libinit$$0000000F
    libinit2.o(.ARM.Collect$$libinit$$00000024) refers (Weak) to initio.o(.text) for _initio
    libinit2.o(.ARM.Collect$$libinit$$00000026) refers to argv_veneer.o(.emb_text) for __ARM_argv_veneer
    libinit2.o(.ARM.Collect$$libinit$$00000027) refers to argv_veneer.o(.emb_text) for __ARM_argv_veneer
    libshutdown2.o(.ARM.Collect$$libshutdown$$00000003) refers (Weak) to initio.o(.text) for _terminateio
    libshutdown2.o(.ARM.Collect$$libshutdown$$0000000D) refers (Weak) to term_alloc.o(.text) for _terminate_alloc
    flsbuf_fwide.o(.text) refers to flsbuf.o(.text) for __flsbuf
    rtexit.o(.ARM.Collect$$rtexit$$00000000) refers (Special) to rtexit2.o(.ARM.Collect$$rtexit$$00000004) for __rt_exit_exit
    rtexit.o(.ARM.Collect$$rtexit$$00000000) refers (Special) to rtexit2.o(.ARM.Collect$$rtexit$$00000003) for __rt_exit_ls
    rtexit.o(.ARM.Collect$$rtexit$$00000000) refers (Special) to rtexit2.o(.ARM.Collect$$rtexit$$00000002) for __rt_exit_prels_1
    rtexit.o(.ARM.exidx) refers (Special) to rtexit2.o(.ARM.Collect$$rtexit$$00000004) for __rt_exit_exit
    rtexit.o(.ARM.exidx) refers (Special) to rtexit2.o(.ARM.Collect$$rtexit$$00000003) for __rt_exit_ls
    rtexit.o(.ARM.exidx) refers (Special) to rtexit2.o(.ARM.Collect$$rtexit$$00000002) for __rt_exit_prels_1
    rtexit.o(.ARM.exidx) refers to rtexit.o(.ARM.Collect$$rtexit$$00000000) for .ARM.Collect$$rtexit$$00000000
    rt_raise.o(.text) refers to __raise.o(.text) for __raise
    rt_raise.o(.text) refers to sys_exit.o(.text) for _sys_exit
    rt_heap_descriptor.o(.text) refers to rt_heap_descriptor.o(.bss) for __rt_heap_descriptor_data
    rt_heap_descriptor_intlibspace.o(.text) refers to libspace.o(.bss) for __libspace_start
    init_alloc.o(.text) refers (Special) to hguard.o(.text) for __heap$guard
    init_alloc.o(.text) refers (Special) to libinit2.o(.ARM.Collect$$libinit$$00000005) for __rt_lib_init_heap_2
    init_alloc.o(.text) refers (Special) to maybetermalloc1.o(.emb_text) for _maybe_terminate_alloc
    init_alloc.o(.text) refers to h1_extend.o(.text) for __Heap_ProvideMemory
    init_alloc.o(.text) refers to defsig_rtmem_outer.o(.text) for __rt_SIGRTMEM
    init_alloc.o(.text) refers to rt_heap_descriptor_intlibspace.o(.text) for __rt_heap_descriptor
    init_alloc.o(.text) refers to h1_init.o(.text) for __Heap_Initialize
    malloc.o(.text) refers (Special) to hguard.o(.text) for __heap$guard
    malloc.o(.text) refers (Special) to init_alloc.o(.text) for _init_alloc
    malloc.o(.text) refers to rt_heap_descriptor_intlibspace.o(.text) for __rt_heap_descriptor
    malloc.o(.text) refers to heapstubs.o(.text) for __Heap_Alloc
    h1_alloc.o(.text) refers (Special) to h1_init.o(.text) for __Heap_Initialize
    h1_alloc.o(.text) refers to rt_heap_descriptor_intlibspace.o(.text) for __rt_heap_descriptor
    h1_alloc.o(.text) refers to init_alloc.o(.text) for __Heap_Full
    h1_alloc_mt.o(.text) refers (Special) to h1_init.o(.text) for __Heap_Initialize
    h1_alloc_mt.o(.text) refers to init_alloc.o(.text) for __Heap_Full
    h1_alloc_mt.o(.text) refers to rt_heap_descriptor_intlibspace.o(.text) for __rt_heap_descriptor
    _printf_char_file_locked.o(.text) refers to _printf_char_common.o(.text) for _printf_char_common
    _printf_char_file_locked.o(.text) refers to fputc.o(i._fputc$unlocked) for _fputc$unlocked
    fseek.o(.text) refers to retarget_io.o(i._sys_istty) for _sys_istty
    fseek.o(.text) refers to ftell.o(.text) for _ftell_internal
    fseek.o(.text) refers to retarget_io.o(i._sys_flen) for _sys_flen
    fseek.o(.text) refers to stdio.o(.text) for _seterr
    stdio.o(.text) refers to retarget_io.o(i._sys_seek) for _sys_seek
    stdio.o(.text) refers to retarget_io.o(i._sys_write) for _sys_write
    fwritefast.o(.text) refers to stdio.o(.text) for _writebuf
    fwritefast.o(.text) refers to flsbuf.o(.text) for __flsbuf_byte
    fwritefast.o(.text) refers to rt_memcpy_v6.o(.text) for __aeabi_memcpy
    fwritefast_locked.o(.text) refers to stdio.o(.text) for _writebuf
    fwritefast_locked.o(.text) refers to flsbuf.o(.text) for __flsbuf_byte
    fwritefast_locked.o(.text) refers to rt_memcpy_v6.o(.text) for __aeabi_memcpy
    defsig_exit.o(.text) refers to sys_exit.o(.text) for _sys_exit
    defsig_rtred_inner.o(.text) refers to defsig_general.o(.text) for __default_signal_display
    assert_stdio.o(.text) refers to fputs.o(.text) for fputs
    assert_stdio.o(.text) refers to fflush.o(.text) for fflush
    assert_stdio.o(.text) refers to stdio_streams.o(.bss) for __stderr
    argv_veneer.o(.emb_text) refers to no_argv.o(.text) for __ARM_get_argv
    sys_exit.o(.text) refers (Special) to use_no_semi.o(.text) for __I$use$semihosting
    sys_exit.o(.text) refers (Special) to indicate_semi.o(.text) for __semihosting_library_function
    rtexit2.o(.ARM.Collect$$rtexit$$00000003) refers to libshutdown.o(.ARM.Collect$$libshutdown$$00000000) for __rt_lib_shutdown
    rtexit2.o(.ARM.Collect$$rtexit$$00000004) refers to sys_exit.o(.text) for _sys_exit
    rtexit2.o(.ARM.exidx) refers to rtexit2.o(.ARM.Collect$$rtexit$$00000001) for .ARM.Collect$$rtexit$$00000001
    rtexit2.o(.ARM.exidx) refers to rtexit2.o(.ARM.Collect$$rtexit$$00000003) for .ARM.Collect$$rtexit$$00000003
    rtexit2.o(.ARM.exidx) refers to rtexit2.o(.ARM.Collect$$rtexit$$00000004) for .ARM.Collect$$rtexit$$00000004
    maybetermalloc2.o(.emb_text) refers (Special) to term_alloc.o(.text) for _terminate_alloc
    h1_extend.o(.text) refers to h1_free.o(.text) for free
    h1_init_mt.o(.text) refers to mutex_dummy.o(.text) for _mutex_initialize
    h1_extend_mt.o(.text) refers to h1_free_mt.o(.text) for _free_internal
    fflush.o(.text) refers to stdio.o(.text) for _fflush
    fflush.o(.text) refers to fseek.o(.text) for _fseek
    fflush.o(.text) refers to stdio_streams.o(.bss) for __stdin
    fputs.o(.text) refers to fputc.o(i.fputc) for fputc
    ftell.o(.text) refers to rt_errno_addr_intlibspace.o(.text) for __aeabi_errno_addr
    fflush_locked.o(.text) refers to stdio.o(.text) for _fflush
    fflush_locked.o(.text) refers to fseek.o(.text) for _fseek
    fflush_locked.o(.text) refers to fflush.o(.text) for _do_fflush
    fflush_locked.o(.text) refers to streamlock.o(.data) for _stream_list_lock
    fflush_locked.o(.text) refers to stdio_streams.o(.bss) for __stdin
    __raise.o(.text) refers to defsig.o(CL$$defsig) for __default_signal_handler
    defsig_general.o(.text) refers to sys_wrch.o(.text) for _ttywrch
    defsig_rtmem_outer.o(.text) refers to defsig_rtmem_inner.o(.text) for __rt_SIGRTMEM_inner
    defsig_rtmem_outer.o(.text) refers to defsig_exit.o(.text) for __sig_exit
    defsig_rtmem_formal.o(.text) refers to rt_raise.o(.text) for __rt_raise
    rt_memcpy_v6.o(.text) refers to rt_memcpy_w.o(.text) for __aeabi_memcpy4
    heapauxa.o(.text) refers to heapauxa.o(.data) for .data
    _get_argv.o(.text) refers (Special) to hrguard.o(.text) for __heap_region$guard
    _get_argv.o(.text) refers to h1_alloc.o(.text) for malloc
    _get_argv.o(.text) refers to defsig_rtmem_outer.o(.text) for __rt_SIGRTMEM
    _get_argv.o(.text) refers to sys_command.o(.text) for _sys_command_string
    _get_argv_nomalloc.o(.text) refers (Special) to hrguard.o(.text) for __heap_region$guard
    _get_argv_nomalloc.o(.text) refers to defsig_rtmem_outer.o(.text) for __rt_SIGRTMEM
    _get_argv_nomalloc.o(.text) refers to sys_command.o(.text) for _sys_command_string
    sys_wrch.o(.text) refers (Special) to use_no_semi.o(.text) for __I$use$semihosting
    sys_wrch.o(.text) refers (Special) to indicate_semi.o(.text) for __semihosting_library_function
    sys_command.o(.text) refers (Special) to use_no_semi.o(.text) for __I$use$semihosting
    sys_command.o(.text) refers (Special) to indicate_semi.o(.text) for __semihosting_library_function
    rt_errno_addr.o(.text) refers to rt_errno_addr.o(.bss) for __aeabi_errno_addr_data
    rt_errno_addr_intlibspace.o(.text) refers to libspace.o(.bss) for __libspace_start
    term_alloc.o(.text) refers (Special) to libshutdown2.o(.ARM.Collect$$libshutdown$$0000000E) for __rt_lib_shutdown_heap_2
    term_alloc.o(.text) refers to rt_heap_descriptor_intlibspace.o(.text) for __rt_heap_descriptor
    term_alloc.o(.text) refers to h1_final.o(.text) for __Heap_Finalize
    defsig_rtmem_inner.o(.text) refers to defsig_general.o(.text) for __default_signal_display
    defsig.o(CL$$defsig) refers to defsig_rtred_inner.o(.text) for __rt_SIGRTRED_inner
    defsig.o(CL$$defsig) refers to defsig_rtmem_inner.o(.text) for __rt_SIGRTMEM_inner
    libshutdown.o(.ARM.Collect$$libshutdown$$00000000) refers (Special) to libshutdown2.o(.ARM.Collect$$libshutdown$$00000002) for __rt_lib_shutdown_cpp_1
    libshutdown.o(.ARM.Collect$$libshutdown$$00000000) refers (Special) to libshutdown2.o(.ARM.Collect$$libshutdown$$00000007) for __rt_lib_shutdown_fp_trap_1
    libshutdown.o(.ARM.Collect$$libshutdown$$00000000) refers (Special) to libshutdown2.o(.ARM.Collect$$libshutdown$$0000000F) for __rt_lib_shutdown_heap_1
    libshutdown.o(.ARM.Collect$$libshutdown$$00000000) refers (Special) to libshutdown2.o(.ARM.Collect$$libshutdown$$00000010) for __rt_lib_shutdown_return
    libshutdown.o(.ARM.Collect$$libshutdown$$00000000) refers (Special) to libshutdown2.o(.ARM.Collect$$libshutdown$$0000000A) for __rt_lib_shutdown_signal_1
    libshutdown.o(.ARM.Collect$$libshutdown$$00000000) refers (Special) to libshutdown2.o(.ARM.Collect$$libshutdown$$00000004) for __rt_lib_shutdown_stdio_1
    libshutdown.o(.ARM.Collect$$libshutdown$$00000000) refers (Special) to libshutdown2.o(.ARM.Collect$$libshutdown$$0000000C) for __rt_lib_shutdown_user_alloc_1
    defsig_abrt_inner.o(.text) refers to defsig_general.o(.text) for __default_signal_display
    defsig_fpe_inner.o(.text) refers to defsig_general.o(.text) for __default_signal_display
    defsig_stak_inner.o(.text) refers to defsig_general.o(.text) for __default_signal_display
    defsig_pvfn_inner.o(.text) refers to defsig_general.o(.text) for __default_signal_display
    defsig_cppl_inner.o(.text) refers to defsig_general.o(.text) for __default_signal_display
    defsig_segv_inner.o(.text) refers to defsig_general.o(.text) for __default_signal_display
    defsig_other.o(.text) refers to defsig_general.o(.text) for __default_signal_display


==============================================================================

Removing Unused input sections from the image.

    Removing main.o(.rev16_text), (4 bytes).
    Removing main.o(.revsh_text), (4 bytes).
    Removing main.o(.rrx_text), (6 bytes).
    Removing asm_max.o(test), (50 bytes).
    Removing retarget_io.o(i.ITM_ReceiveChar), (36 bytes).
    Removing retarget_io.o(i._sys_read), (46 bytes).
    Removing retarget_io.o(.data), (4 bytes).
    Removing system_armcm4.o(.rev16_text), (4 bytes).
    Removing system_armcm4.o(.revsh_text), (4 bytes).
    Removing system_armcm4.o(.rrx_text), (6 bytes).
    Removing system_armcm4.o(i.SystemCoreClockUpdate), (16 bytes).
    Removing arm_mult_f32.o(.text), (0 bytes).
    Removing arm_mult_f32.o(.ARM.exidx.text.arm_mult_f32), (8 bytes).

13 unused section(s) (total 188 bytes) removed from the image.

==============================================================================

Image Symbol Table

    Local Symbols

    Symbol Name                              Value     Ov Type        Size  Object(Section)

    RESET                                    0x00000000   Section      192  startup_armcm4.o(RESET)
    ../clib/angel/boardlib.s                 0x00000000   Number         0  boardinit3.o ABSOLUTE
    ../clib/angel/boardlib.s                 0x00000000   Number         0  boardinit2.o ABSOLUTE
    ../clib/angel/boardlib.s                 0x00000000   Number         0  boardinit1.o ABSOLUTE
    ../clib/angel/boardlib.s                 0x00000000   Number         0  boardshut.o ABSOLUTE
    ../clib/angel/dclz77c.s                  0x00000000   Number         0  __dclz77c.o ABSOLUTE
    ../clib/angel/handlers.s                 0x00000000   Number         0  __scatter_zi.o ABSOLUTE
    ../clib/angel/kernel.s                   0x00000000   Number         0  rtexit.o ABSOLUTE
    ../clib/angel/kernel.s                   0x00000000   Number         0  __rtentry.o ABSOLUTE
    ../clib/angel/kernel.s                   0x00000000   Number         0  __rtentry2.o ABSOLUTE
    ../clib/angel/kernel.s                   0x00000000   Number         0  rtexit2.o ABSOLUTE
    ../clib/angel/kernel.s                   0x00000000   Number         0  __rtentry4.o ABSOLUTE
    ../clib/angel/rt.s                       0x00000000   Number         0  rt_locale_intlibspace.o ABSOLUTE
    ../clib/angel/rt.s                       0x00000000   Number         0  rt_heap_descriptor_intlibspace.o ABSOLUTE
    ../clib/angel/rt.s                       0x00000000   Number         0  rt_locale.o ABSOLUTE
    ../clib/angel/rt.s                       0x00000000   Number         0  rt_errno_addr_intlibspace.o ABSOLUTE
    ../clib/angel/rt.s                       0x00000000   Number         0  rt_heap_descriptor.o ABSOLUTE
    ../clib/angel/rt.s                       0x00000000   Number         0  rt_raise.o ABSOLUTE
    ../clib/angel/rt.s                       0x00000000   Number         0  rt_errno_addr.o ABSOLUTE
    ../clib/angel/scatter.s                  0x00000000   Number         0  __scatter.o ABSOLUTE
    ../clib/angel/startup.s                  0x00000000   Number         0  __main.o ABSOLUTE
    ../clib/angel/sys.s                      0x00000000   Number         0  indicate_semi.o ABSOLUTE
    ../clib/angel/sys.s                      0x00000000   Number         0  use_no_semi.o ABSOLUTE
    ../clib/angel/sys.s                      0x00000000   Number         0  sys_stackheap_outer.o ABSOLUTE
    ../clib/angel/sys.s                      0x00000000   Number         0  mutex_dummy.o ABSOLUTE
    ../clib/angel/sys.s                      0x00000000   Number         0  libspace.o ABSOLUTE
    ../clib/angel/sysapp.c                   0x00000000   Number         0  sys_wrch.o ABSOLUTE
    ../clib/angel/sysapp.c                   0x00000000   Number         0  sys_command.o ABSOLUTE
    ../clib/angel/sysapp.c                   0x00000000   Number         0  sys_exit.o ABSOLUTE
    ../clib/armsys.c                         0x00000000   Number         0  no_argv.o ABSOLUTE
    ../clib/armsys.c                         0x00000000   Number         0  argv_veneer.o ABSOLUTE
    ../clib/armsys.c                         0x00000000   Number         0  argv_veneer.o ABSOLUTE
    ../clib/armsys.c                         0x00000000   Number         0  _get_argv.o ABSOLUTE
    ../clib/armsys.c                         0x00000000   Number         0  _get_argv_nomalloc.o ABSOLUTE
    ../clib/assert.c                         0x00000000   Number         0  assert_stdio.o ABSOLUTE
    ../clib/bigflt.c                         0x00000000   Number         0  bigflt0.o ABSOLUTE
    ../clib/btod.s                           0x00000000   Number         0  btod.o ABSOLUTE
    ../clib/heap1.c                          0x00000000   Number         0  h1_alloc.o ABSOLUTE
    ../clib/heap1.c                          0x00000000   Number         0  h1_alloc_mt.o ABSOLUTE
    ../clib/heap1.c                          0x00000000   Number         0  h1_init.o ABSOLUTE
    ../clib/heap1.c                          0x00000000   Number         0  h1_extend.o ABSOLUTE
    ../clib/heap1.c                          0x00000000   Number         0  h1_init_mt.o ABSOLUTE
    ../clib/heap1.c                          0x00000000   Number         0  h1_extend_mt.o ABSOLUTE
    ../clib/heap1.c                          0x00000000   Number         0  h1_free_mt.o ABSOLUTE
    ../clib/heap1.c                          0x00000000   Number         0  h1_final.o ABSOLUTE
    ../clib/heap1.c                          0x00000000   Number         0  h1_final_mt.o ABSOLUTE
    ../clib/heap1.c                          0x00000000   Number         0  h1_free.o ABSOLUTE
    ../clib/heap2.c                          0x00000000   Number         0  heap2.o ABSOLUTE
    ../clib/heap2.c                          0x00000000   Number         0  heap2mt.o ABSOLUTE
    ../clib/heap2.c                          0x00000000   Number         0  fdtree.o ABSOLUTE
    ../clib/heapalloc.c                      0x00000000   Number         0  hrguard.o ABSOLUTE
    ../clib/heapalloc.c                      0x00000000   Number         0  free.o ABSOLUTE
    ../clib/heapalloc.c                      0x00000000   Number         0  maybetermalloc2.o ABSOLUTE
    ../clib/heapalloc.c                      0x00000000   Number         0  maybetermalloc2.o ABSOLUTE
    ../clib/heapalloc.c                      0x00000000   Number         0  maybetermalloc1.o ABSOLUTE
    ../clib/heapalloc.c                      0x00000000   Number         0  maybetermalloc1.o ABSOLUTE
    ../clib/heapalloc.c                      0x00000000   Number         0  hguard.o ABSOLUTE
    ../clib/heapalloc.c                      0x00000000   Number         0  init_alloc.o ABSOLUTE
    ../clib/heapalloc.c                      0x00000000   Number         0  malloc.o ABSOLUTE
    ../clib/heapalloc.c                      0x00000000   Number         0  heapstubs.o ABSOLUTE
    ../clib/heapalloc.c                      0x00000000   Number         0  term_alloc.o ABSOLUTE
    ../clib/heapaux.c                        0x00000000   Number         0  heapauxi.o ABSOLUTE
    ../clib/heapaux.c                        0x00000000   Number         0  heapauxa.o ABSOLUTE
    ../clib/libinit.s                        0x00000000   Number         0  libinit.o ABSOLUTE
    ../clib/libinit.s                        0x00000000   Number         0  libshutdown2.o ABSOLUTE
    ../clib/libinit.s                        0x00000000   Number         0  libinit2.o ABSOLUTE
    ../clib/libinit.s                        0x00000000   Number         0  libshutdown.o ABSOLUTE
    ../clib/locale.s                         0x00000000   Number         0  lc_numeric_c.o ABSOLUTE
    ../clib/longlong.s                       0x00000000   Number         0  lludiv10.o ABSOLUTE
    ../clib/memcpset.s                       0x00000000   Number         0  rt_memcpy_w.o ABSOLUTE
    ../clib/memcpset.s                       0x00000000   Number         0  rt_memclr_w.o ABSOLUTE
    ../clib/memcpset.s                       0x00000000   Number         0  rt_memcpy_v6.o ABSOLUTE
    ../clib/memcpset.s                       0x00000000   Number         0  strcmpv7m.o ABSOLUTE
    ../clib/printf.c                         0x00000000   Number         0  __printf_ss.o ABSOLUTE
    ../clib/printf.c                         0x00000000   Number         0  __printf_nopercent.o ABSOLUTE
    ../clib/printf.c                         0x00000000   Number         0  __printf.o ABSOLUTE
    ../clib/printf.c                         0x00000000   Number         0  __printf_ss_wp.o ABSOLUTE
    ../clib/printf.c                         0x00000000   Number         0  __printf_flags_wp.o ABSOLUTE
    ../clib/printf.c                         0x00000000   Number         0  __printf_wp.o ABSOLUTE
    ../clib/printf.c                         0x00000000   Number         0  __printf_flags_ss.o ABSOLUTE
    ../clib/printf.c                         0x00000000   Number         0  __printf_flags.o ABSOLUTE
    ../clib/printf.c                         0x00000000   Number         0  noretval__2printf.o ABSOLUTE
    ../clib/printf.c                         0x00000000   Number         0  _printf_char_file.o ABSOLUTE
    ../clib/printf.c                         0x00000000   Number         0  _printf_fp_dec.o ABSOLUTE
    ../clib/printf.c                         0x00000000   Number         0  _printf_char_common.o ABSOLUTE
    ../clib/printf.c                         0x00000000   Number         0  __2printf.o ABSOLUTE
    ../clib/printf.c                         0x00000000   Number         0  _printf_fp_infnan.o ABSOLUTE
    ../clib/printf.c                         0x00000000   Number         0  _printf_char_file_locked.o ABSOLUTE
    ../clib/printf.c                         0x00000000   Number         0  __printf_flags_ss_wp.o ABSOLUTE
    ../clib/printf_percent.s                 0x00000000   Number         0  _printf_percent_end.o ABSOLUTE
    ../clib/printf_percent.s                 0x00000000   Number         0  _printf_f.o ABSOLUTE
    ../clib/printf_percent.s                 0x00000000   Number         0  _printf_percent.o ABSOLUTE
    ../clib/signal.c                         0x00000000   Number         0  defsig_other.o ABSOLUTE
    ../clib/signal.c                         0x00000000   Number         0  defsig_rtred_inner.o ABSOLUTE
    ../clib/signal.c                         0x00000000   Number         0  defsig_rtmem_outer.o ABSOLUTE
    ../clib/signal.c                         0x00000000   Number         0  __raise.o ABSOLUTE
    ../clib/signal.c                         0x00000000   Number         0  defsig_general.o ABSOLUTE
    ../clib/signal.c                         0x00000000   Number         0  defsig_segv_inner.o ABSOLUTE
    ../clib/signal.c                         0x00000000   Number         0  defsig_cppl_inner.o ABSOLUTE
    ../clib/signal.c                         0x00000000   Number         0  defsig_stak_inner.o ABSOLUTE
    ../clib/signal.c                         0x00000000   Number         0  defsig_fpe_inner.o ABSOLUTE
    ../clib/signal.c                         0x00000000   Number         0  defsig_abrt_inner.o ABSOLUTE
    ../clib/signal.c                         0x00000000   Number         0  defsig_rtred_outer.o ABSOLUTE
    ../clib/signal.c                         0x00000000   Number         0  defsig_rtred_formal.o ABSOLUTE
    ../clib/signal.c                         0x00000000   Number         0  defsig_rtmem_inner.o ABSOLUTE
    ../clib/signal.c                         0x00000000   Number         0  defsig_rtmem_formal.o ABSOLUTE
    ../clib/signal.c                         0x00000000   Number         0  defsig_exit.o ABSOLUTE
    ../clib/signal.c                         0x00000000   Number         0  defsig_pvfn_inner.o ABSOLUTE
    ../clib/signal.s                         0x00000000   Number         0  defsig.o ABSOLUTE
    ../clib/stdio.c                          0x00000000   Number         0  setvbuf_locked.o ABSOLUTE
    ../clib/stdio.c                          0x00000000   Number         0  fopen_locked.o ABSOLUTE
    ../clib/stdio.c                          0x00000000   Number         0  ftell.o ABSOLUTE
    ../clib/stdio.c                          0x00000000   Number         0  setvbuf.o ABSOLUTE
    ../clib/stdio.c                          0x00000000   Number         0  fclose.o ABSOLUTE
    ../clib/stdio.c                          0x00000000   Number         0  streamlock.o ABSOLUTE
    ../clib/stdio.c                          0x00000000   Number         0  flsbuf.o ABSOLUTE
    ../clib/stdio.c                          0x00000000   Number         0  fflush.o ABSOLUTE
    ../clib/stdio.c                          0x00000000   Number         0  fputs.o ABSOLUTE
    ../clib/stdio.c                          0x00000000   Number         0  ferror.o ABSOLUTE
    ../clib/stdio.c                          0x00000000   Number         0  fputc.o ABSOLUTE
    ../clib/stdio.c                          0x00000000   Number         0  initio.o ABSOLUTE
    ../clib/stdio.c                          0x00000000   Number         0  fputc_locked.o ABSOLUTE
    ../clib/stdio.c                          0x00000000   Number         0  initio_locked.o ABSOLUTE
    ../clib/stdio.c                          0x00000000   Number         0  stdio_streams.o ABSOLUTE
    ../clib/stdio.c                          0x00000000   Number         0  fflush_locked.o ABSOLUTE
    ../clib/stdio.c                          0x00000000   Number         0  fwritefast_locked.o ABSOLUTE
    ../clib/stdio.c                          0x00000000   Number         0  fwritefast.o ABSOLUTE
    ../clib/stdio.c                          0x00000000   Number         0  stdio.o ABSOLUTE
    ../clib/stdio.c                          0x00000000   Number         0  ferror_locked.o ABSOLUTE
    ../clib/stdio.c                          0x00000000   Number         0  fputs_locked.o ABSOLUTE
    ../clib/stdio.c                          0x00000000   Number         0  fseek.o ABSOLUTE
    ../clib/stdio.c                          0x00000000   Number         0  fopen.o ABSOLUTE
    ../clib/stdlib.c                         0x00000000   Number         0  exit.o ABSOLUTE
    ../clib/wchar.c                          0x00000000   Number         0  flsbuf_fwide.o ABSOLUTE
    ../fplib/dretinf.s                       0x00000000   Number         0  dretinf.o ABSOLUTE
    ../fplib/f2d.s                           0x00000000   Number         0  f2d.o ABSOLUTE
    ../fplib/fnaninf.s                       0x00000000   Number         0  fnaninf.o ABSOLUTE
    ../fplib/fpinit.s                        0x00000000   Number         0  fpinit.o ABSOLUTE
    ../fplib/istatus.s                       0x00000000   Number         0  istatus.o ABSOLUTE
    ../fplib/printf1.s                       0x00000000   Number         0  printf1.o ABSOLUTE
    ../fplib/usenofp.s                       0x00000000   Number         0  usenofp.o ABSOLUTE
    ../mathlib/fpclassify.c                  0x00000000   Number         0  fpclassify.o ABSOLUTE
    C:\Keil_v5\ARM\PACK\Keil\ARM_Compiler\1.6.1\Source\retarget_io.c 0x00000000   Number         0  retarget_io.o ABSOLUTE
    RTE\Device\ARMCM4_FP\startup_ARMCM4.s    0x00000000   Number         0  startup_armcm4.o ABSOLUTE
    RTE\Device\ARMCM4_FP\system_ARMCM4.c     0x00000000   Number         0  system_armcm4.o ABSOLUTE
    RTE\\Device\\ARMCM4_FP\\system_ARMCM4.c  0x00000000   Number         0  system_armcm4.o ABSOLUTE
    arm_mult_f32.c                           0x00000000   Number         0  arm_mult_f32.o ABSOLUTE
    asm\asm_max.s                            0x00000000   Number         0  asm_max.o ABSOLUTE
    dc.s                                     0x00000000   Number         0  dc.o ABSOLUTE
    src\\main.c                              0x00000000   Number         0  main.o ABSOLUTE
    src\main.c                               0x00000000   Number         0  main.o ABSOLUTE
    !!!main                                  0x000000c0   Section        8  __main.o(!!!main)
    !!!scatter                               0x000000c8   Section       52  __scatter.o(!!!scatter)
    !!dclz77c                                0x000000fc   Section      100  __dclz77c.o(!!dclz77c)
    !!handler_zi                             0x00000160   Section       28  __scatter_zi.o(!!handler_zi)
    .ARM.Collect$$_printf_percent$$00000000  0x0000017c   Section        0  _printf_percent.o(.ARM.Collect$$_printf_percent$$00000000)
    .ARM.Collect$$_printf_percent$$00000003  0x0000017c   Section        6  _printf_f.o(.ARM.Collect$$_printf_percent$$00000003)
    .ARM.Collect$$_printf_percent$$00000017  0x00000182   Section        4  _printf_percent_end.o(.ARM.Collect$$_printf_percent$$00000017)
    .ARM.Collect$$libinit$$00000000          0x00000186   Section        2  libinit.o(.ARM.Collect$$libinit$$00000000)
    .ARM.Collect$$libinit$$00000001          0x00000188   Section        4  libinit2.o(.ARM.Collect$$libinit$$00000001)
    .ARM.Collect$$libinit$$00000004          0x0000018c   Section        0  libinit2.o(.ARM.Collect$$libinit$$00000004)
    .ARM.Collect$$libinit$$00000005          0x0000018c   Section        8  libinit2.o(.ARM.Collect$$libinit$$00000005)
    .ARM.Collect$$libinit$$0000000A          0x00000194   Section        0  libinit2.o(.ARM.Collect$$libinit$$0000000A)
    .ARM.Collect$$libinit$$0000000C          0x00000194   Section        0  libinit2.o(.ARM.Collect$$libinit$$0000000C)
    .ARM.Collect$$libinit$$0000000E          0x00000194   Section        0  libinit2.o(.ARM.Collect$$libinit$$0000000E)
    .ARM.Collect$$libinit$$0000000F          0x00000194   Section        6  libinit2.o(.ARM.Collect$$libinit$$0000000F)
    .ARM.Collect$$libinit$$00000011          0x0000019a   Section        0  libinit2.o(.ARM.Collect$$libinit$$00000011)
    .ARM.Collect$$libinit$$00000013          0x0000019a   Section        0  libinit2.o(.ARM.Collect$$libinit$$00000013)
    .ARM.Collect$$libinit$$00000015          0x0000019a   Section        0  libinit2.o(.ARM.Collect$$libinit$$00000015)
    .ARM.Collect$$libinit$$00000016          0x0000019a   Section       10  libinit2.o(.ARM.Collect$$libinit$$00000016)
    .ARM.Collect$$libinit$$00000017          0x000001a4   Section        0  libinit2.o(.ARM.Collect$$libinit$$00000017)
    .ARM.Collect$$libinit$$00000019          0x000001a4   Section        0  libinit2.o(.ARM.Collect$$libinit$$00000019)
    .ARM.Collect$$libinit$$0000001B          0x000001a4   Section        0  libinit2.o(.ARM.Collect$$libinit$$0000001B)
    .ARM.Collect$$libinit$$0000001D          0x000001a4   Section        0  libinit2.o(.ARM.Collect$$libinit$$0000001D)
    .ARM.Collect$$libinit$$0000001F          0x000001a4   Section        0  libinit2.o(.ARM.Collect$$libinit$$0000001F)
    .ARM.Collect$$libinit$$00000021          0x000001a4   Section        0  libinit2.o(.ARM.Collect$$libinit$$00000021)
    .ARM.Collect$$libinit$$00000023          0x000001a4   Section        0  libinit2.o(.ARM.Collect$$libinit$$00000023)
    .ARM.Collect$$libinit$$00000024          0x000001a4   Section        4  libinit2.o(.ARM.Collect$$libinit$$00000024)
    .ARM.Collect$$libinit$$00000025          0x000001a8   Section        0  libinit2.o(.ARM.Collect$$libinit$$00000025)
    .ARM.Collect$$libinit$$0000002C          0x000001a8   Section        0  libinit2.o(.ARM.Collect$$libinit$$0000002C)
    .ARM.Collect$$libinit$$0000002E          0x000001a8   Section        0  libinit2.o(.ARM.Collect$$libinit$$0000002E)
    .ARM.Collect$$libinit$$00000030          0x000001a8   Section        0  libinit2.o(.ARM.Collect$$libinit$$00000030)
    .ARM.Collect$$libinit$$00000032          0x000001a8   Section        0  libinit2.o(.ARM.Collect$$libinit$$00000032)
    .ARM.Collect$$libinit$$00000033          0x000001a8   Section        2  libinit2.o(.ARM.Collect$$libinit$$00000033)
    .ARM.Collect$$libshutdown$$00000000      0x000001aa   Section        2  libshutdown.o(.ARM.Collect$$libshutdown$$00000000)
    .ARM.Collect$$libshutdown$$00000002      0x000001ac   Section        0  libshutdown2.o(.ARM.Collect$$libshutdown$$00000002)
    .ARM.Collect$$libshutdown$$00000003      0x000001ac   Section        4  libshutdown2.o(.ARM.Collect$$libshutdown$$00000003)
    .ARM.Collect$$libshutdown$$00000004      0x000001b0   Section        0  libshutdown2.o(.ARM.Collect$$libshutdown$$00000004)
    .ARM.Collect$$libshutdown$$00000007      0x000001b0   Section        0  libshutdown2.o(.ARM.Collect$$libshutdown$$00000007)
    .ARM.Collect$$libshutdown$$0000000A      0x000001b0   Section        0  libshutdown2.o(.ARM.Collect$$libshutdown$$0000000A)
    .ARM.Collect$$libshutdown$$0000000C      0x000001b0   Section        0  libshutdown2.o(.ARM.Collect$$libshutdown$$0000000C)
    .ARM.Collect$$libshutdown$$0000000F      0x000001b0   Section        0  libshutdown2.o(.ARM.Collect$$libshutdown$$0000000F)
    .ARM.Collect$$libshutdown$$00000010      0x000001b0   Section        2  libshutdown2.o(.ARM.Collect$$libshutdown$$00000010)
    .ARM.Collect$$rtentry$$00000000          0x000001b2   Section        0  __rtentry.o(.ARM.Collect$$rtentry$$00000000)
    .ARM.Collect$$rtentry$$00000002          0x000001b2   Section        0  __rtentry2.o(.ARM.Collect$$rtentry$$00000002)
    .ARM.Collect$$rtentry$$00000004          0x000001b2   Section        6  __rtentry4.o(.ARM.Collect$$rtentry$$00000004)
    .ARM.Collect$$rtentry$$00000009          0x000001b8   Section        0  __rtentry2.o(.ARM.Collect$$rtentry$$00000009)
    .ARM.Collect$$rtentry$$0000000A          0x000001b8   Section        4  __rtentry2.o(.ARM.Collect$$rtentry$$0000000A)
    .ARM.Collect$$rtentry$$0000000C          0x000001bc   Section        0  __rtentry2.o(.ARM.Collect$$rtentry$$0000000C)
    .ARM.Collect$$rtentry$$0000000D          0x000001bc   Section        8  __rtentry2.o(.ARM.Collect$$rtentry$$0000000D)
    .ARM.Collect$$rtexit$$00000000           0x000001c4   Section        2  rtexit.o(.ARM.Collect$$rtexit$$00000000)
    .ARM.Collect$$rtexit$$00000002           0x000001c6   Section        0  rtexit2.o(.ARM.Collect$$rtexit$$00000002)
    .ARM.Collect$$rtexit$$00000003           0x000001c6   Section        4  rtexit2.o(.ARM.Collect$$rtexit$$00000003)
    .ARM.Collect$$rtexit$$00000004           0x000001ca   Section        6  rtexit2.o(.ARM.Collect$$rtexit$$00000004)
    .emb_text                                0x000001d0   Section        0  maybetermalloc1.o(.emb_text)
    .text                                    0x000001d0   Section       64  startup_armcm4.o(.text)
    $v0                                      0x000001d0   Number         0  startup_armcm4.o(.text)
    .text                                    0x00000210   Section        0  noretval__2printf.o(.text)
    .text                                    0x00000228   Section        0  __printf.o(.text)
    .text                                    0x00000290   Section      128  strcmpv7m.o(.text)
    .text                                    0x00000310   Section        0  heapauxi.o(.text)
    .text                                    0x00000316   Section        0  _printf_fp_dec.o(.text)
    _fp_digits                               0x00000319   Thumb Code   432  _printf_fp_dec.o(.text)
    .text                                    0x00000734   Section        0  _printf_char_file.o(.text)
    .text                                    0x00000758   Section        8  rt_locale_intlibspace.o(.text)
    .text                                    0x00000760   Section      138  lludiv10.o(.text)
    .text                                    0x000007ec   Section        0  _printf_char_common.o(.text)
    _printf_input_char                       0x000007ed   Thumb Code    10  _printf_char_common.o(.text)
    .text                                    0x0000081c   Section        0  _printf_fp_infnan.o(.text)
    .text                                    0x0000089c   Section        0  bigflt0.o(.text)
    .text                                    0x00000980   Section        0  ferror.o(.text)
    .text                                    0x00000988   Section        0  initio.o(.text)
    .text                                    0x00000ac0   Section        8  libspace.o(.text)
    .text                                    0x00000ac8   Section       74  sys_stackheap_outer.o(.text)
    .text                                    0x00000b12   Section        0  h1_free.o(.text)
    .text                                    0x00000b60   Section        0  flsbuf.o(.text)
    .text                                    0x00000d36   Section        0  setvbuf.o(.text)
    .text                                    0x00000d7c   Section        0  fopen.o(.text)
    _freopen_locked                          0x00000d7d   Thumb Code     0  fopen.o(.text)
    .text                                    0x00000e68   Section        0  fclose.o(.text)
    .text                                    0x00000eb4   Section        0  exit.o(.text)
    .text                                    0x00000ec6   Section        0  defsig_rtred_outer.o(.text)
    .text                                    0x00000ed4   Section       78  rt_memclr_w.o(.text)
    .text                                    0x00000f24   Section        8  rt_heap_descriptor_intlibspace.o(.text)
    .text                                    0x00000f2c   Section        0  hguard.o(.text)
    .text                                    0x00000f30   Section        0  init_alloc.o(.text)
    .text                                    0x00000fba   Section        0  h1_alloc.o(.text)
    .text                                    0x00001018   Section        0  fseek.o(.text)
    .text                                    0x00001110   Section        0  stdio.o(.text)
    .text                                    0x00001200   Section        0  defsig_exit.o(.text)
    .text                                    0x0000120c   Section        0  defsig_rtred_inner.o(.text)
    .text                                    0x00001240   Section        0  sys_exit.o(.text)
    .text                                    0x0000124c   Section        0  h1_init.o(.text)
    .text                                    0x0000125a   Section        0  h1_extend.o(.text)
    .text                                    0x0000128e   Section        0  ftell.o(.text)
    .text                                    0x000012d0   Section        0  defsig_general.o(.text)
    .text                                    0x00001302   Section        0  defsig_rtmem_outer.o(.text)
    .text                                    0x00001310   Section        0  sys_wrch.o(.text)
    .text                                    0x0000131e   Section        2  use_no_semi.o(.text)
    .text                                    0x00001320   Section        0  indicate_semi.o(.text)
    .text                                    0x00001320   Section        8  rt_errno_addr_intlibspace.o(.text)
    .text                                    0x00001328   Section        0  defsig_rtmem_inner.o(.text)
    [Anonymous Symbol]                       0x00001378   Section        0  arm_mult_f32.o(.text.arm_mult_f32)
    CL$$btod_d2e                             0x0000140a   Section       62  btod.o(CL$$btod_d2e)
    CL$$btod_d2e_denorm_low                  0x00001448   Section       70  btod.o(CL$$btod_d2e_denorm_low)
    CL$$btod_d2e_norm_op1                    0x0000148e   Section       96  btod.o(CL$$btod_d2e_norm_op1)
    CL$$btod_div_common                      0x000014ee   Section      824  btod.o(CL$$btod_div_common)
    CL$$btod_e2e                             0x00001826   Section      220  btod.o(CL$$btod_e2e)
    CL$$btod_ediv                            0x00001902   Section       42  btod.o(CL$$btod_ediv)
    CL$$btod_emul                            0x0000192c   Section       42  btod.o(CL$$btod_emul)
    CL$$btod_mult_common                     0x00001956   Section      580  btod.o(CL$$btod_mult_common)
    i.ITM_SendChar                           0x00001b9c   Section        0  retarget_io.o(i.ITM_SendChar)
    i.SystemInit                             0x00001bcc   Section        0  system_armcm4.o(i.SystemInit)
    i.__ARM_fpclassify                       0x00001bfc   Section        0  fpclassify.o(i.__ARM_fpclassify)
    i._sys_close                             0x00001c2c   Section        0  retarget_io.o(i._sys_close)
    i._sys_flen                              0x00001c52   Section        0  retarget_io.o(i._sys_flen)
    i._sys_istty                             0x00001c76   Section        0  retarget_io.o(i._sys_istty)
    i._sys_open                              0x00001c9c   Section        0  retarget_io.o(i._sys_open)
    i._sys_seek                              0x00001d04   Section        0  retarget_io.o(i._sys_seek)
    i._sys_write                             0x00001d30   Section        0  retarget_io.o(i._sys_write)
    i.fputc                                  0x00001d76   Section        0  fputc.o(i.fputc)
    i.main                                   0x00001d90   Section        0  main.o(i.main)
    i.stdout_putchar                         0x00001e70   Section        0  retarget_io.o(i.stdout_putchar)
    stdout_putchar                           0x00001e71   Thumb Code    12  retarget_io.o(i.stdout_putchar)
    locale$$code                             0x00001e7c   Section       44  lc_numeric_c.o(locale$$code)
    x$fpl$dretinf                            0x00001ea8   Section       12  dretinf.o(x$fpl$dretinf)
    $v0                                      0x00001ea8   Number         0  dretinf.o(x$fpl$dretinf)
    x$fpl$f2d                                0x00001eb4   Section       86  f2d.o(x$fpl$f2d)
    $v0                                      0x00001eb4   Number         0  f2d.o(x$fpl$f2d)
    x$fpl$fnaninf                            0x00001f0a   Section      140  fnaninf.o(x$fpl$fnaninf)
    $v0                                      0x00001f0a   Number         0  fnaninf.o(x$fpl$fnaninf)
    x$fpl$fpinit                             0x00001f96   Section       10  fpinit.o(x$fpl$fpinit)
    $v0                                      0x00001f96   Number         0  fpinit.o(x$fpl$fpinit)
    x$fpl$printf1                            0x00001fa0   Section        4  printf1.o(x$fpl$printf1)
    $v0                                      0x00001fa0   Number         0  printf1.o(x$fpl$printf1)
    .constdata                               0x00001fa4   Section       23  retarget_io.o(.constdata)
    x$fpl$usenofp                            0x00001fa4   Section        0  usenofp.o(x$fpl$usenofp)
    .constdata                               0x00001fbc   Section      148  bigflt0.o(.constdata)
    tenpwrs_x                                0x00001fbc   Data          60  bigflt0.o(.constdata)
    tenpwrs_i                                0x00001ff8   Data          64  bigflt0.o(.constdata)
    .conststring                             0x00002050   Section       80  main.o(.conststring)
    locale$$data                             0x000020c0   Section       28  lc_numeric_c.o(locale$$data)
    __lcnum_c_name                           0x000020c4   Data           2  lc_numeric_c.o(locale$$data)
    __lcnum_c_start                          0x000020cc   Data           0  lc_numeric_c.o(locale$$data)
    __lcnum_c_point                          0x000020d8   Data           0  lc_numeric_c.o(locale$$data)
    __lcnum_c_thousands                      0x000020da   Data           0  lc_numeric_c.o(locale$$data)
    __lcnum_c_grouping                       0x000020db   Data           0  lc_numeric_c.o(locale$$data)
    __lcnum_c_end                            0x000020dc   Data           0  lc_numeric_c.o(locale$$data)
    .data                                    0x20000000   Section     4040  main.o(.data)
    .data                                    0x20000fc8   Section        4  system_armcm4.o(.data)
    .data                                    0x20000fcc   Section        4  stdio_streams.o(.data)
    .data                                    0x20000fd0   Section        4  stdio_streams.o(.data)
    .data                                    0x20000fd4   Section        4  stdio_streams.o(.data)
    .bss                                     0x20000fd8   Section       84  stdio_streams.o(.bss)
    .bss                                     0x2000102c   Section       84  stdio_streams.o(.bss)
    .bss                                     0x20001080   Section       84  stdio_streams.o(.bss)
    .bss                                     0x200010d4   Section       96  libspace.o(.bss)
    HEAP                                     0x20001138   Section     3072  startup_armcm4.o(HEAP)
    Heap_Mem                                 0x20001138   Data        3072  startup_armcm4.o(HEAP)
    STACK                                    0x20001d38   Section     1024  startup_armcm4.o(STACK)
    Stack_Mem                                0x20001d38   Data        1024  startup_armcm4.o(STACK)
    __initial_sp                             0x20002138   Data           0  startup_armcm4.o(STACK)

    Global Symbols

    Symbol Name                              Value     Ov Type        Size  Object(Section)

    BuildAttributes$$THM_ISAv4$E$P$D$K$B$S$7EM$VFPi3$EXTD16$VFPS$VFMA$PE$A:L22UL41UL21$X:L11$S22US41US21$IEEE1$IW$USESV6$~STKCKD$USESV7$~SHL$OTIME$ROPI$IEEEJ$EBA8$UX$STANDARDLIB$REQ8$PRES8$EABIv2 0x00000000   Number         0  anon$$obj.o ABSOLUTE
    __ARM_use_no_argv                        0x00000000   Number         0  main.o ABSOLUTE
    __Vectors                                0x00000000   Data           4  startup_armcm4.o(RESET)
    __ARM_exceptions_init                     - Undefined Weak Reference
    __alloca_initialize                       - Undefined Weak Reference
    __arm_preinit_                            - Undefined Weak Reference
    __cpp_initialize__aeabi_                  - Undefined Weak Reference
    __cxa_finalize                            - Undefined Weak Reference
    __sigvec_lookup                           - Undefined Weak Reference
    __user_heap_extent                        - Undefined Weak Reference
    _atexit_init                              - Undefined Weak Reference
    _call_atexit_fns                          - Undefined Weak Reference
    _clock_init                               - Undefined Weak Reference
    _fp_trap_init                             - Undefined Weak Reference
    _fp_trap_shutdown                         - Undefined Weak Reference
    _get_lc_collate                           - Undefined Weak Reference
    _get_lc_ctype                             - Undefined Weak Reference
    _get_lc_monetary                          - Undefined Weak Reference
    _get_lc_time                              - Undefined Weak Reference
    _getenv_init                              - Undefined Weak Reference
    _handle_redirection                       - Undefined Weak Reference
    _mutex_acquire                            - Undefined Weak Reference
    _mutex_free                               - Undefined Weak Reference
    _mutex_release                            - Undefined Weak Reference
    _printf_post_padding                      - Undefined Weak Reference
    _printf_pre_padding                       - Undefined Weak Reference
    _rand_init                                - Undefined Weak Reference
    _signal_finish                            - Undefined Weak Reference
    _signal_init                              - Undefined Weak Reference
    __Vectors_End                            0x000000c0   Data           0  startup_armcm4.o(RESET)
    __Vectors_Size                           0x000000c0   Number         0  startup_armcm4.o ABSOLUTE
    __main                                   0x000000c1   Thumb Code     8  __main.o(!!!main)
    __scatterload                            0x000000c9   Thumb Code     0  __scatter.o(!!!scatter)
    __scatterload_rt2                        0x000000c9   Thumb Code    44  __scatter.o(!!!scatter)
    __scatterload_rt2_thumb_only             0x000000c9   Thumb Code     0  __scatter.o(!!!scatter)
    __scatterload_null                       0x000000d7   Thumb Code     0  __scatter.o(!!!scatter)
    __decompress                             0x000000fd   Thumb Code   100  __dclz77c.o(!!dclz77c)
    __decompress2                            0x000000fd   Thumb Code     0  __dclz77c.o(!!dclz77c)
    __scatterload_zeroinit                   0x00000161   Thumb Code    28  __scatter_zi.o(!!handler_zi)
    _printf_f                                0x0000017d   Thumb Code     0  _printf_f.o(.ARM.Collect$$_printf_percent$$00000003)
    _printf_percent                          0x0000017d   Thumb Code     0  _printf_percent.o(.ARM.Collect$$_printf_percent$$00000000)
    _printf_percent_end                      0x00000183   Thumb Code     0  _printf_percent_end.o(.ARM.Collect$$_printf_percent$$00000017)
    __rt_lib_init                            0x00000187   Thumb Code     0  libinit.o(.ARM.Collect$$libinit$$00000000)
    __rt_lib_init_fp_1                       0x00000189   Thumb Code     0  libinit2.o(.ARM.Collect$$libinit$$00000001)
    __rt_lib_init_heap_2                     0x0000018d   Thumb Code     0  libinit2.o(.ARM.Collect$$libinit$$00000005)
    __rt_lib_init_preinit_1                  0x0000018d   Thumb Code     0  libinit2.o(.ARM.Collect$$libinit$$00000004)
    __rt_lib_init_heap_1                     0x00000195   Thumb Code     0  libinit2.o(.ARM.Collect$$libinit$$0000000A)
    __rt_lib_init_lc_common                  0x00000195   Thumb Code     0  libinit2.o(.ARM.Collect$$libinit$$0000000F)
    __rt_lib_init_rand_1                     0x00000195   Thumb Code     0  libinit2.o(.ARM.Collect$$libinit$$0000000E)
    __rt_lib_init_user_alloc_1               0x00000195   Thumb Code     0  libinit2.o(.ARM.Collect$$libinit$$0000000C)
    __rt_lib_init_lc_collate_1               0x0000019b   Thumb Code     0  libinit2.o(.ARM.Collect$$libinit$$00000011)
    __rt_lib_init_lc_ctype_1                 0x0000019b   Thumb Code     0  libinit2.o(.ARM.Collect$$libinit$$00000013)
    __rt_lib_init_lc_monetary_1              0x0000019b   Thumb Code     0  libinit2.o(.ARM.Collect$$libinit$$00000015)
    __rt_lib_init_lc_numeric_2               0x0000019b   Thumb Code     0  libinit2.o(.ARM.Collect$$libinit$$00000016)
    __rt_lib_init_atexit_1                   0x000001a5   Thumb Code     0  libinit2.o(.ARM.Collect$$libinit$$0000001B)
    __rt_lib_init_clock_1                    0x000001a5   Thumb Code     0  libinit2.o(.ARM.Collect$$libinit$$00000021)
    __rt_lib_init_fp_trap_1                  0x000001a5   Thumb Code     0  libinit2.o(.ARM.Collect$$libinit$$0000001F)
    __rt_lib_init_getenv_1                   0x000001a5   Thumb Code     0  libinit2.o(.ARM.Collect$$libinit$$00000023)
    __rt_lib_init_lc_numeric_1               0x000001a5   Thumb Code     0  libinit2.o(.ARM.Collect$$libinit$$00000017)
    __rt_lib_init_lc_time_1                  0x000001a5   Thumb Code     0  libinit2.o(.ARM.Collect$$libinit$$00000019)
    __rt_lib_init_signal_1                   0x000001a5   Thumb Code     0  libinit2.o(.ARM.Collect$$libinit$$0000001D)
    __rt_lib_init_stdio_2                    0x000001a5   Thumb Code     0  libinit2.o(.ARM.Collect$$libinit$$00000024)
    __rt_lib_init_alloca_1                   0x000001a9   Thumb Code     0  libinit2.o(.ARM.Collect$$libinit$$0000002E)
    __rt_lib_init_argv_1                     0x000001a9   Thumb Code     0  libinit2.o(.ARM.Collect$$libinit$$0000002C)
    __rt_lib_init_cpp_1                      0x000001a9   Thumb Code     0  libinit2.o(.ARM.Collect$$libinit$$00000032)
    __rt_lib_init_exceptions_1               0x000001a9   Thumb Code     0  libinit2.o(.ARM.Collect$$libinit$$00000030)
    __rt_lib_init_return                     0x000001a9   Thumb Code     0  libinit2.o(.ARM.Collect$$libinit$$00000033)
    __rt_lib_init_stdio_1                    0x000001a9   Thumb Code     0  libinit2.o(.ARM.Collect$$libinit$$00000025)
    __rt_lib_shutdown                        0x000001ab   Thumb Code     0  libshutdown.o(.ARM.Collect$$libshutdown$$00000000)
    __rt_lib_shutdown_cpp_1                  0x000001ad   Thumb Code     0  libshutdown2.o(.ARM.Collect$$libshutdown$$00000002)
    __rt_lib_shutdown_stdio_2                0x000001ad   Thumb Code     0  libshutdown2.o(.ARM.Collect$$libshutdown$$00000003)
    __rt_lib_shutdown_fp_trap_1              0x000001b1   Thumb Code     0  libshutdown2.o(.ARM.Collect$$libshutdown$$00000007)
    __rt_lib_shutdown_heap_1                 0x000001b1   Thumb Code     0  libshutdown2.o(.ARM.Collect$$libshutdown$$0000000F)
    __rt_lib_shutdown_return                 0x000001b1   Thumb Code     0  libshutdown2.o(.ARM.Collect$$libshutdown$$00000010)
    __rt_lib_shutdown_signal_1               0x000001b1   Thumb Code     0  libshutdown2.o(.ARM.Collect$$libshutdown$$0000000A)
    __rt_lib_shutdown_stdio_1                0x000001b1   Thumb Code     0  libshutdown2.o(.ARM.Collect$$libshutdown$$00000004)
    __rt_lib_shutdown_user_alloc_1           0x000001b1   Thumb Code     0  libshutdown2.o(.ARM.Collect$$libshutdown$$0000000C)
    __rt_entry                               0x000001b3   Thumb Code     0  __rtentry.o(.ARM.Collect$$rtentry$$00000000)
    __rt_entry_presh_1                       0x000001b3   Thumb Code     0  __rtentry2.o(.ARM.Collect$$rtentry$$00000002)
    __rt_entry_sh                            0x000001b3   Thumb Code     0  __rtentry4.o(.ARM.Collect$$rtentry$$00000004)
    __rt_entry_li                            0x000001b9   Thumb Code     0  __rtentry2.o(.ARM.Collect$$rtentry$$0000000A)
    __rt_entry_postsh_1                      0x000001b9   Thumb Code     0  __rtentry2.o(.ARM.Collect$$rtentry$$00000009)
    __rt_entry_main                          0x000001bd   Thumb Code     0  __rtentry2.o(.ARM.Collect$$rtentry$$0000000D)
    __rt_entry_postli_1                      0x000001bd   Thumb Code     0  __rtentry2.o(.ARM.Collect$$rtentry$$0000000C)
    __rt_exit                                0x000001c5   Thumb Code     0  rtexit.o(.ARM.Collect$$rtexit$$00000000)
    __rt_exit_ls                             0x000001c7   Thumb Code     0  rtexit2.o(.ARM.Collect$$rtexit$$00000003)
    __rt_exit_prels_1                        0x000001c7   Thumb Code     0  rtexit2.o(.ARM.Collect$$rtexit$$00000002)
    __rt_exit_exit                           0x000001cb   Thumb Code     0  rtexit2.o(.ARM.Collect$$rtexit$$00000004)
    Reset_Handler                            0x000001d1   Thumb Code     8  startup_armcm4.o(.text)
    _maybe_terminate_alloc                   0x000001d1   Thumb Code     0  maybetermalloc1.o(.emb_text)
    NMI_Handler                              0x000001d9   Thumb Code     2  startup_armcm4.o(.text)
    HardFault_Handler                        0x000001db   Thumb Code     2  startup_armcm4.o(.text)
    MemManage_Handler                        0x000001dd   Thumb Code     2  startup_armcm4.o(.text)
    BusFault_Handler                         0x000001df   Thumb Code     2  startup_armcm4.o(.text)
    UsageFault_Handler                       0x000001e1   Thumb Code     2  startup_armcm4.o(.text)
    SVC_Handler                              0x000001e3   Thumb Code     2  startup_armcm4.o(.text)
    DebugMon_Handler                         0x000001e5   Thumb Code     2  startup_armcm4.o(.text)
    PendSV_Handler                           0x000001e7   Thumb Code     2  startup_armcm4.o(.text)
    SysTick_Handler                          0x000001e9   Thumb Code     2  startup_armcm4.o(.text)
    AACI_IRQHandler                          0x000001eb   Thumb Code     0  startup_armcm4.o(.text)
    CAN_IRQHandler                           0x000001eb   Thumb Code     0  startup_armcm4.o(.text)
    CHLCD_IRQHandler                         0x000001eb   Thumb Code     0  startup_armcm4.o(.text)
    CLCD_IRQHandler                          0x000001eb   Thumb Code     0  startup_armcm4.o(.text)
    CPU_CLCD_IRQHandler                      0x000001eb   Thumb Code     0  startup_armcm4.o(.text)
    ENET_IRQHandler                          0x000001eb   Thumb Code     0  startup_armcm4.o(.text)
    FLEXRAY_IRQHandler                       0x000001eb   Thumb Code     0  startup_armcm4.o(.text)
    I2C_IRQHandler                           0x000001eb   Thumb Code     0  startup_armcm4.o(.text)
    LIN_IRQHandler                           0x000001eb   Thumb Code     0  startup_armcm4.o(.text)
    MCIA_IRQHandler                          0x000001eb   Thumb Code     0  startup_armcm4.o(.text)
    MCIB_IRQHandler                          0x000001eb   Thumb Code     0  startup_armcm4.o(.text)
    RTC_IRQHandler                           0x000001eb   Thumb Code     0  startup_armcm4.o(.text)
    SPI_IRQHandler                           0x000001eb   Thumb Code     0  startup_armcm4.o(.text)
    TIM0_IRQHandler                          0x000001eb   Thumb Code     0  startup_armcm4.o(.text)
    TIM2_IRQHandler                          0x000001eb   Thumb Code     0  startup_armcm4.o(.text)
    UART0_IRQHandler                         0x000001eb   Thumb Code     0  startup_armcm4.o(.text)
    UART1_IRQHandler                         0x000001eb   Thumb Code     0  startup_armcm4.o(.text)
    UART2_IRQHandler                         0x000001eb   Thumb Code     0  startup_armcm4.o(.text)
    UART3_IRQHandler                         0x000001eb   Thumb Code     0  startup_armcm4.o(.text)
    UART4_IRQHandler                         0x000001eb   Thumb Code     0  startup_armcm4.o(.text)
    USBDC_IRQHandler                         0x000001eb   Thumb Code     0  startup_armcm4.o(.text)
    USBHC_IRQHandler                         0x000001eb   Thumb Code     0  startup_armcm4.o(.text)
    WDT_IRQHandler                           0x000001eb   Thumb Code     0  startup_armcm4.o(.text)
    __user_initial_stackheap                 0x000001ed   Thumb Code    10  startup_armcm4.o(.text)
    __2printf                                0x00000211   Thumb Code    20  noretval__2printf.o(.text)
    __printf                                 0x00000229   Thumb Code   104  __printf.o(.text)
    strcmp                                   0x00000291   Thumb Code   128  strcmpv7m.o(.text)
    __use_two_region_memory                  0x00000311   Thumb Code     2  heapauxi.o(.text)
    __rt_heap_escrow                         0x00000313   Thumb Code     2  heapauxi.o(.text)
    __rt_heap_expand                         0x00000315   Thumb Code     2  heapauxi.o(.text)
    __lib_sel_fp_printf                      0x00000317   Thumb Code     2  _printf_fp_dec.o(.text)
    _printf_fp_dec_real                      0x000004c9   Thumb Code   620  _printf_fp_dec.o(.text)
    _printf_char_file                        0x00000735   Thumb Code    32  _printf_char_file.o(.text)
    __rt_locale                              0x00000759   Thumb Code     8  rt_locale_intlibspace.o(.text)
    _ll_udiv10                               0x00000761   Thumb Code   138  lludiv10.o(.text)
    _printf_char_common                      0x000007f7   Thumb Code    32  _printf_char_common.o(.text)
    _printf_fp_infnan                        0x0000081d   Thumb Code   112  _printf_fp_infnan.o(.text)
    _btod_etento                             0x0000089d   Thumb Code   224  bigflt0.o(.text)
    ferror                                   0x00000981   Thumb Code     8  ferror.o(.text)
    _initio                                  0x00000989   Thumb Code   210  initio.o(.text)
    _terminateio                             0x00000a5b   Thumb Code    56  initio.o(.text)
    __user_libspace                          0x00000ac1   Thumb Code     8  libspace.o(.text)
    __user_perproc_libspace                  0x00000ac1   Thumb Code     0  libspace.o(.text)
    __user_perthread_libspace                0x00000ac1   Thumb Code     0  libspace.o(.text)
    __user_setup_stackheap                   0x00000ac9   Thumb Code    74  sys_stackheap_outer.o(.text)
    free                                     0x00000b13   Thumb Code    78  h1_free.o(.text)
    __flsbuf                                 0x00000b61   Thumb Code   470  flsbuf.o(.text)
    __flsbuf_byte                            0x00000b61   Thumb Code     0  flsbuf.o(.text)
    __flsbuf_wide                            0x00000b61   Thumb Code     0  flsbuf.o(.text)
    setvbuf                                  0x00000d37   Thumb Code    70  setvbuf.o(.text)
    freopen                                  0x00000d7d   Thumb Code   158  fopen.o(.text)
    fopen                                    0x00000e1b   Thumb Code    74  fopen.o(.text)
    _fclose_internal                         0x00000e69   Thumb Code    76  fclose.o(.text)
    fclose                                   0x00000e69   Thumb Code     0  fclose.o(.text)
    exit                                     0x00000eb5   Thumb Code    18  exit.o(.text)
    __rt_SIGRTRED                            0x00000ec7   Thumb Code    14  defsig_rtred_outer.o(.text)
    __aeabi_memclr4                          0x00000ed5   Thumb Code     0  rt_memclr_w.o(.text)
    __aeabi_memclr8                          0x00000ed5   Thumb Code     0  rt_memclr_w.o(.text)
    __rt_memclr_w                            0x00000ed5   Thumb Code    78  rt_memclr_w.o(.text)
    _memset_w                                0x00000ed9   Thumb Code     0  rt_memclr_w.o(.text)
    __rt_heap_descriptor                     0x00000f25   Thumb Code     8  rt_heap_descriptor_intlibspace.o(.text)
    __use_no_heap                            0x00000f2d   Thumb Code     2  hguard.o(.text)
    __heap$guard                             0x00000f2f   Thumb Code     2  hguard.o(.text)
    _terminate_user_alloc                    0x00000f31   Thumb Code     2  init_alloc.o(.text)
    _init_user_alloc                         0x00000f33   Thumb Code     2  init_alloc.o(.text)
    __Heap_Full                              0x00000f35   Thumb Code    34  init_alloc.o(.text)
    __Heap_Broken                            0x00000f57   Thumb Code     6  init_alloc.o(.text)
    _init_alloc                              0x00000f5d   Thumb Code    94  init_alloc.o(.text)
    malloc                                   0x00000fbb   Thumb Code    94  h1_alloc.o(.text)
    _fseek                                   0x00001019   Thumb Code   242  fseek.o(.text)
    fseek                                    0x00001019   Thumb Code     0  fseek.o(.text)
    _seterr                                  0x00001111   Thumb Code    20  stdio.o(.text)
    _writebuf                                0x00001125   Thumb Code    84  stdio.o(.text)
    _fflush                                  0x00001179   Thumb Code    70  stdio.o(.text)
    _deferredlazyseek                        0x000011bf   Thumb Code    60  stdio.o(.text)
    __sig_exit                               0x00001201   Thumb Code    10  defsig_exit.o(.text)
    __rt_SIGRTRED_inner                      0x0000120d   Thumb Code    14  defsig_rtred_inner.o(.text)
    _sys_exit                                0x00001241   Thumb Code     8  sys_exit.o(.text)
    __Heap_Initialize                        0x0000124d   Thumb Code    10  h1_init.o(.text)
    __Heap_DescSize                          0x00001257   Thumb Code     4  h1_init.o(.text)
    __Heap_ProvideMemory                     0x0000125b   Thumb Code    52  h1_extend.o(.text)
    _ftell_internal                          0x0000128f   Thumb Code    66  ftell.o(.text)
    ftell                                    0x0000128f   Thumb Code     0  ftell.o(.text)
    __default_signal_display                 0x000012d1   Thumb Code    50  defsig_general.o(.text)
    __rt_SIGRTMEM                            0x00001303   Thumb Code    14  defsig_rtmem_outer.o(.text)
    _ttywrch                                 0x00001311   Thumb Code    14  sys_wrch.o(.text)
    __I$use$semihosting                      0x0000131f   Thumb Code     0  use_no_semi.o(.text)
    __use_no_semihosting_swi                 0x0000131f   Thumb Code     2  use_no_semi.o(.text)
    __aeabi_errno_addr                       0x00001321   Thumb Code     8  rt_errno_addr_intlibspace.o(.text)
    __errno$intlibspace                      0x00001321   Thumb Code     0  rt_errno_addr_intlibspace.o(.text)
    __rt_errno_addr$intlibspace              0x00001321   Thumb Code     0  rt_errno_addr_intlibspace.o(.text)
    __semihosting_library_function           0x00001321   Thumb Code     0  indicate_semi.o(.text)
    __rt_SIGRTMEM_inner                      0x00001329   Thumb Code    22  defsig_rtmem_inner.o(.text)
    arm_mult_f32                             0x00001379   Thumb Code   146  arm_mult_f32.o(.text.arm_mult_f32)
    _btod_d2e                                0x0000140b   Thumb Code    62  btod.o(CL$$btod_d2e)
    _d2e_denorm_low                          0x00001449   Thumb Code    70  btod.o(CL$$btod_d2e_denorm_low)
    _d2e_norm_op1                            0x0000148f   Thumb Code    96  btod.o(CL$$btod_d2e_norm_op1)
    __btod_div_common                        0x000014ef   Thumb Code   696  btod.o(CL$$btod_div_common)
    _e2e                                     0x00001827   Thumb Code   220  btod.o(CL$$btod_e2e)
    _btod_ediv                               0x00001903   Thumb Code    42  btod.o(CL$$btod_ediv)
    _btod_emul                               0x0000192d   Thumb Code    42  btod.o(CL$$btod_emul)
    __btod_mult_common                       0x00001957   Thumb Code   580  btod.o(CL$$btod_mult_common)
    ITM_SendChar                             0x00001b9d   Thumb Code    42  retarget_io.o(i.ITM_SendChar)
    SystemInit                               0x00001bcd   Thumb Code    30  system_armcm4.o(i.SystemInit)
    __ARM_fpclassify                         0x00001bfd   Thumb Code    48  fpclassify.o(i.__ARM_fpclassify)
    _sys_close                               0x00001c2d   Thumb Code    38  retarget_io.o(i._sys_close)
    _sys_flen                                0x00001c53   Thumb Code    36  retarget_io.o(i._sys_flen)
    _sys_istty                               0x00001c77   Thumb Code    36  retarget_io.o(i._sys_istty)
    _sys_open                                0x00001c9d   Thumb Code    80  retarget_io.o(i._sys_open)
    _sys_seek                                0x00001d05   Thumb Code    44  retarget_io.o(i._sys_seek)
    _sys_write                               0x00001d31   Thumb Code    70  retarget_io.o(i._sys_write)
    fputc                                    0x00001d77   Thumb Code    26  fputc.o(i.fputc)
    main                                     0x00001d91   Thumb Code   204  main.o(i.main)
    _get_lc_numeric                          0x00001e7d   Thumb Code    44  lc_numeric_c.o(locale$$code)
    __fpl_dretinf                            0x00001ea9   Thumb Code    12  dretinf.o(x$fpl$dretinf)
    __aeabi_f2d                              0x00001eb5   Thumb Code     0  f2d.o(x$fpl$f2d)
    _f2d                                     0x00001eb5   Thumb Code    86  f2d.o(x$fpl$f2d)
    __fpl_fnaninf                            0x00001f0b   Thumb Code   140  fnaninf.o(x$fpl$fnaninf)
    _fp_init                                 0x00001f97   Thumb Code    10  fpinit.o(x$fpl$fpinit)
    __fplib_config_fpu_vfp                   0x00001f9f   Thumb Code     0  fpinit.o(x$fpl$fpinit)
    __fplib_config_pureend_doubles           0x00001f9f   Thumb Code     0  fpinit.o(x$fpl$fpinit)
    _printf_fp_dec                           0x00001fa1   Thumb Code     4  printf1.o(x$fpl$printf1)
    __I$use$fp                               0x00001fa4   Number         0  usenofp.o(x$fpl$usenofp)
    __stdin_name                             0x00001fa4   Data           7  retarget_io.o(.constdata)
    __stdout_name                            0x00001fab   Data           8  retarget_io.o(.constdata)
    __stderr_name                            0x00001fb3   Data           8  retarget_io.o(.constdata)
    Region$$Table$$Base                      0x000020a0   Number         0  anon$$obj.o(Region$$Table)
    Region$$Table$$Limit                     0x000020c0   Number         0  anon$$obj.o(Region$$Table)
    f10_array                                0x20000000   Data          40  main.o(.data)
    f1000_array                              0x20000028   Data        4000  main.o(.data)
    SystemCoreClock                          0x20000fc8   Data           4  system_armcm4.o(.data)
    __aeabi_stdin                            0x20000fcc   Data           4  stdio_streams.o(.data)
    __aeabi_stdout                           0x20000fd0   Data           4  stdio_streams.o(.data)
    __aeabi_stderr                           0x20000fd4   Data           4  stdio_streams.o(.data)
    __stdin                                  0x20000fd8   Data          84  stdio_streams.o(.bss)
    __stdout                                 0x2000102c   Data          84  stdio_streams.o(.bss)
    __stderr                                 0x20001080   Data          84  stdio_streams.o(.bss)
    __libspace_start                         0x200010d4   Data          96  libspace.o(.bss)
    __temporary_stack_top$libspace           0x20001134   Data           0  libspace.o(.bss)



==============================================================================

Memory Map of the image

  Image Entry point : 0x000001d1

  Load Region LR_1 (Base: 0x00000000, Size: 0x000030b4, Max: 0xffffffff, ABSOLUTE, COMPRESSED[0x00002f0c])

    Execution Region ER_RO (Exec base: 0x00000000, Load base: 0x00000000, Size: 0x000020dc, Max: 0xffffffff, ABSOLUTE)

    Exec Addr    Load Addr    Size         Type   Attr      Idx    E Section Name        Object

    0x00000000   0x00000000   0x000000c0   Data   RO          151    RESET               startup_armcm4.o
    0x000000c0   0x000000c0   0x00000008   Code   RO          253  * !!!main             c_w.l(__main.o)
    0x000000c8   0x000000c8   0x00000034   Code   RO          649    !!!scatter          c_w.l(__scatter.o)
    0x000000fc   0x000000fc   0x00000064   Code   RO          647    !!dclz77c           c_w.l(__dclz77c.o)
    0x00000160   0x00000160   0x0000001c   Code   RO          651    !!handler_zi        c_w.l(__scatter_zi.o)
    0x0000017c   0x0000017c   0x00000000   Code   RO          248    .ARM.Collect$$_printf_percent$$00000000  c_w.l(_printf_percent.o)
    0x0000017c   0x0000017c   0x00000006   Code   RO          247    .ARM.Collect$$_printf_percent$$00000003  c_w.l(_printf_f.o)
    0x00000182   0x00000182   0x00000004   Code   RO          264    .ARM.Collect$$_printf_percent$$00000017  c_w.l(_printf_percent_end.o)
    0x00000186   0x00000186   0x00000002   Code   RO          439    .ARM.Collect$$libinit$$00000000  c_w.l(libinit.o)
    0x00000188   0x00000188   0x00000004   Code   RO          440    .ARM.Collect$$libinit$$00000001  c_w.l(libinit2.o)
    0x0000018c   0x0000018c   0x00000000   Code   RO          443    .ARM.Collect$$libinit$$00000004  c_w.l(libinit2.o)
    0x0000018c   0x0000018c   0x00000008   Code   RO          444    .ARM.Collect$$libinit$$00000005  c_w.l(libinit2.o)
    0x00000194   0x00000194   0x00000000   Code   RO          446    .ARM.Collect$$libinit$$0000000A  c_w.l(libinit2.o)
    0x00000194   0x00000194   0x00000000   Code   RO          448    .ARM.Collect$$libinit$$0000000C  c_w.l(libinit2.o)
    0x00000194   0x00000194   0x00000000   Code   RO          450    .ARM.Collect$$libinit$$0000000E  c_w.l(libinit2.o)
    0x00000194   0x00000194   0x00000006   Code   RO          451    .ARM.Collect$$libinit$$0000000F  c_w.l(libinit2.o)
    0x0000019a   0x0000019a   0x00000000   Code   RO          453    .ARM.Collect$$libinit$$00000011  c_w.l(libinit2.o)
    0x0000019a   0x0000019a   0x00000000   Code   RO          455    .ARM.Collect$$libinit$$00000013  c_w.l(libinit2.o)
    0x0000019a   0x0000019a   0x00000000   Code   RO          457    .ARM.Collect$$libinit$$00000015  c_w.l(libinit2.o)
    0x0000019a   0x0000019a   0x0000000a   Code   RO          458    .ARM.Collect$$libinit$$00000016  c_w.l(libinit2.o)
    0x000001a4   0x000001a4   0x00000000   Code   RO          459    .ARM.Collect$$libinit$$00000017  c_w.l(libinit2.o)
    0x000001a4   0x000001a4   0x00000000   Code   RO          461    .ARM.Collect$$libinit$$00000019  c_w.l(libinit2.o)
    0x000001a4   0x000001a4   0x00000000   Code   RO          463    .ARM.Collect$$libinit$$0000001B  c_w.l(libinit2.o)
    0x000001a4   0x000001a4   0x00000000   Code   RO          465    .ARM.Collect$$libinit$$0000001D  c_w.l(libinit2.o)
    0x000001a4   0x000001a4   0x00000000   Code   RO          467    .ARM.Collect$$libinit$$0000001F  c_w.l(libinit2.o)
    0x000001a4   0x000001a4   0x00000000   Code   RO          469    .ARM.Collect$$libinit$$00000021  c_w.l(libinit2.o)
    0x000001a4   0x000001a4   0x00000000   Code   RO          471    .ARM.Collect$$libinit$$00000023  c_w.l(libinit2.o)
    0x000001a4   0x000001a4   0x00000004   Code   RO          472    .ARM.Collect$$libinit$$00000024  c_w.l(libinit2.o)
    0x000001a8   0x000001a8   0x00000000   Code   RO          473    .ARM.Collect$$libinit$$00000025  c_w.l(libinit2.o)
    0x000001a8   0x000001a8   0x00000000   Code   RO          477    .ARM.Collect$$libinit$$0000002C  c_w.l(libinit2.o)
    0x000001a8   0x000001a8   0x00000000   Code   RO          479    .ARM.Collect$$libinit$$0000002E  c_w.l(libinit2.o)
    0x000001a8   0x000001a8   0x00000000   Code   RO          481    .ARM.Collect$$libinit$$00000030  c_w.l(libinit2.o)
    0x000001a8   0x000001a8   0x00000000   Code   RO          483    .ARM.Collect$$libinit$$00000032  c_w.l(libinit2.o)
    0x000001a8   0x000001a8   0x00000002   Code   RO          484    .ARM.Collect$$libinit$$00000033  c_w.l(libinit2.o)
    0x000001aa   0x000001aa   0x00000002   Code   RO          626    .ARM.Collect$$libshutdown$$00000000  c_w.l(libshutdown.o)
    0x000001ac   0x000001ac   0x00000000   Code   RO          486    .ARM.Collect$$libshutdown$$00000002  c_w.l(libshutdown2.o)
    0x000001ac   0x000001ac   0x00000004   Code   RO          487    .ARM.Collect$$libshutdown$$00000003  c_w.l(libshutdown2.o)
    0x000001b0   0x000001b0   0x00000000   Code   RO          488    .ARM.Collect$$libshutdown$$00000004  c_w.l(libshutdown2.o)
    0x000001b0   0x000001b0   0x00000000   Code   RO          491    .ARM.Collect$$libshutdown$$00000007  c_w.l(libshutdown2.o)
    0x000001b0   0x000001b0   0x00000000   Code   RO          494    .ARM.Collect$$libshutdown$$0000000A  c_w.l(libshutdown2.o)
    0x000001b0   0x000001b0   0x00000000   Code   RO          496    .ARM.Collect$$libshutdown$$0000000C  c_w.l(libshutdown2.o)
    0x000001b0   0x000001b0   0x00000000   Code   RO          499    .ARM.Collect$$libshutdown$$0000000F  c_w.l(libshutdown2.o)
    0x000001b0   0x000001b0   0x00000002   Code   RO          500    .ARM.Collect$$libshutdown$$00000010  c_w.l(libshutdown2.o)
    0x000001b2   0x000001b2   0x00000000   Code   RO          259    .ARM.Collect$$rtentry$$00000000  c_w.l(__rtentry.o)
    0x000001b2   0x000001b2   0x00000000   Code   RO          277    .ARM.Collect$$rtentry$$00000002  c_w.l(__rtentry2.o)
    0x000001b2   0x000001b2   0x00000006   Code   RO          289    .ARM.Collect$$rtentry$$00000004  c_w.l(__rtentry4.o)
    0x000001b8   0x000001b8   0x00000000   Code   RO          279    .ARM.Collect$$rtentry$$00000009  c_w.l(__rtentry2.o)
    0x000001b8   0x000001b8   0x00000004   Code   RO          280    .ARM.Collect$$rtentry$$0000000A  c_w.l(__rtentry2.o)
    0x000001bc   0x000001bc   0x00000000   Code   RO          282    .ARM.Collect$$rtentry$$0000000C  c_w.l(__rtentry2.o)
    0x000001bc   0x000001bc   0x00000008   Code   RO          283    .ARM.Collect$$rtentry$$0000000D  c_w.l(__rtentry2.o)
    0x000001c4   0x000001c4   0x00000002   Code   RO          503    .ARM.Collect$$rtexit$$00000000  c_w.l(rtexit.o)
    0x000001c6   0x000001c6   0x00000000   Code   RO          559    .ARM.Collect$$rtexit$$00000002  c_w.l(rtexit2.o)
    0x000001c6   0x000001c6   0x00000004   Code   RO          560    .ARM.Collect$$rtexit$$00000003  c_w.l(rtexit2.o)
    0x000001ca   0x000001ca   0x00000006   Code   RO          561    .ARM.Collect$$rtexit$$00000004  c_w.l(rtexit2.o)
    0x000001d0   0x000001d0   0x00000000   Code   RO          565    .emb_text           c_w.l(maybetermalloc1.o)
    0x000001d0   0x000001d0   0x00000040   Code   RO          152  * .text               startup_armcm4.o
    0x00000210   0x00000210   0x00000018   Code   RO          223    .text               c_w.l(noretval__2printf.o)
    0x00000228   0x00000228   0x00000068   Code   RO          225    .text               c_w.l(__printf.o)
    0x00000290   0x00000290   0x00000080   Code   RO          249    .text               c_w.l(strcmpv7m.o)
    0x00000310   0x00000310   0x00000006   Code   RO          251    .text               c_w.l(heapauxi.o)
    0x00000316   0x00000316   0x0000041e   Code   RO          260    .text               c_w.l(_printf_fp_dec.o)
    0x00000734   0x00000734   0x00000024   Code   RO          262    .text               c_w.l(_printf_char_file.o)
    0x00000758   0x00000758   0x00000008   Code   RO          294    .text               c_w.l(rt_locale_intlibspace.o)
    0x00000760   0x00000760   0x0000008a   Code   RO          296    .text               c_w.l(lludiv10.o)
    0x000007ea   0x000007ea   0x00000002   PAD
    0x000007ec   0x000007ec   0x00000030   Code   RO          298    .text               c_w.l(_printf_char_common.o)
    0x0000081c   0x0000081c   0x00000080   Code   RO          300    .text               c_w.l(_printf_fp_infnan.o)
    0x0000089c   0x0000089c   0x000000e4   Code   RO          302    .text               c_w.l(bigflt0.o)
    0x00000980   0x00000980   0x00000008   Code   RO          327    .text               c_w.l(ferror.o)
    0x00000988   0x00000988   0x00000138   Code   RO          333    .text               c_w.l(initio.o)
    0x00000ac0   0x00000ac0   0x00000008   Code   RO          348    .text               c_w.l(libspace.o)
    0x00000ac8   0x00000ac8   0x0000004a   Code   RO          353    .text               c_w.l(sys_stackheap_outer.o)
    0x00000b12   0x00000b12   0x0000004e   Code   RO          357    .text               c_w.l(h1_free.o)
    0x00000b60   0x00000b60   0x000001d6   Code   RO          413    .text               c_w.l(flsbuf.o)
    0x00000d36   0x00000d36   0x00000046   Code   RO          415    .text               c_w.l(setvbuf.o)
    0x00000d7c   0x00000d7c   0x000000ec   Code   RO          418    .text               c_w.l(fopen.o)
    0x00000e68   0x00000e68   0x0000004c   Code   RO          420    .text               c_w.l(fclose.o)
    0x00000eb4   0x00000eb4   0x00000012   Code   RO          426    .text               c_w.l(exit.o)
    0x00000ec6   0x00000ec6   0x0000000e   Code   RO          428    .text               c_w.l(defsig_rtred_outer.o)
    0x00000ed4   0x00000ed4   0x0000004e   Code   RO          432    .text               c_w.l(rt_memclr_w.o)
    0x00000f22   0x00000f22   0x00000002   PAD
    0x00000f24   0x00000f24   0x00000008   Code   RO          510    .text               c_w.l(rt_heap_descriptor_intlibspace.o)
    0x00000f2c   0x00000f2c   0x00000004   Code   RO          512    .text               c_w.l(hguard.o)
    0x00000f30   0x00000f30   0x0000008a   Code   RO          514    .text               c_w.l(init_alloc.o)
    0x00000fba   0x00000fba   0x0000005e   Code   RO          520    .text               c_w.l(h1_alloc.o)
    0x00001018   0x00001018   0x000000f8   Code   RO          536    .text               c_w.l(fseek.o)
    0x00001110   0x00001110   0x000000f0   Code   RO          538    .text               c_w.l(stdio.o)
    0x00001200   0x00001200   0x0000000a   Code   RO          544    .text               c_w.l(defsig_exit.o)
    0x0000120a   0x0000120a   0x00000002   PAD
    0x0000120c   0x0000120c   0x00000034   Code   RO          546    .text               c_w.l(defsig_rtred_inner.o)
    0x00001240   0x00001240   0x0000000c   Code   RO          556    .text               c_w.l(sys_exit.o)
    0x0000124c   0x0000124c   0x0000000e   Code   RO          567    .text               c_w.l(h1_init.o)
    0x0000125a   0x0000125a   0x00000034   Code   RO          569    .text               c_w.l(h1_extend.o)
    0x0000128e   0x0000128e   0x00000042   Code   RO          579    .text               c_w.l(ftell.o)
    0x000012d0   0x000012d0   0x00000032   Code   RO          587    .text               c_w.l(defsig_general.o)
    0x00001302   0x00001302   0x0000000e   Code   RO          589    .text               c_w.l(defsig_rtmem_outer.o)
    0x00001310   0x00001310   0x0000000e   Code   RO          604    .text               c_w.l(sys_wrch.o)
    0x0000131e   0x0000131e   0x00000002   Code   RO          608    .text               c_w.l(use_no_semi.o)
    0x00001320   0x00001320   0x00000000   Code   RO          610    .text               c_w.l(indicate_semi.o)
    0x00001320   0x00001320   0x00000008   Code   RO          614    .text               c_w.l(rt_errno_addr_intlibspace.o)
    0x00001328   0x00001328   0x00000050   Code   RO          620    .text               c_w.l(defsig_rtmem_inner.o)
    0x00001378   0x00001378   0x00000092   Code   RO          210    .text.arm_mult_f32  arm_cortexM4lf_math.lib(arm_mult_f32.o)
    0x0000140a   0x0000140a   0x0000003e   Code   RO          305    CL$$btod_d2e        c_w.l(btod.o)
    0x00001448   0x00001448   0x00000046   Code   RO          307    CL$$btod_d2e_denorm_low  c_w.l(btod.o)
    0x0000148e   0x0000148e   0x00000060   Code   RO          306    CL$$btod_d2e_norm_op1  c_w.l(btod.o)
    0x000014ee   0x000014ee   0x00000338   Code   RO          315    CL$$btod_div_common  c_w.l(btod.o)
    0x00001826   0x00001826   0x000000dc   Code   RO          312    CL$$btod_e2e        c_w.l(btod.o)
    0x00001902   0x00001902   0x0000002a   Code   RO          309    CL$$btod_ediv       c_w.l(btod.o)
    0x0000192c   0x0000192c   0x0000002a   Code   RO          308    CL$$btod_emul       c_w.l(btod.o)
    0x00001956   0x00001956   0x00000244   Code   RO          314    CL$$btod_mult_common  c_w.l(btod.o)
    0x00001b9a   0x00001b9a   0x00000002   PAD
    0x00001b9c   0x00001b9c   0x00000030   Code   RO           62    i.ITM_SendChar      retarget_io.o
    0x00001bcc   0x00001bcc   0x00000030   Code   RO          160    i.SystemInit        system_armcm4.o
    0x00001bfc   0x00001bfc   0x00000030   Code   RO          346    i.__ARM_fpclassify  m_wm.l(fpclassify.o)
    0x00001c2c   0x00001c2c   0x00000026   Code   RO           63    i._sys_close        retarget_io.o
    0x00001c52   0x00001c52   0x00000024   Code   RO           64    i._sys_flen         retarget_io.o
    0x00001c76   0x00001c76   0x00000024   Code   RO           65    i._sys_istty        retarget_io.o
    0x00001c9a   0x00001c9a   0x00000002   PAD
    0x00001c9c   0x00001c9c   0x00000068   Code   RO           66    i._sys_open         retarget_io.o
    0x00001d04   0x00001d04   0x0000002c   Code   RO           68    i._sys_seek         retarget_io.o
    0x00001d30   0x00001d30   0x00000046   Code   RO           69    i._sys_write        retarget_io.o
    0x00001d76   0x00001d76   0x0000001a   Code   RO          330    i.fputc             c_w.l(fputc.o)
    0x00001d90   0x00001d90   0x000000e0   Code   RO            4    i.main              main.o
    0x00001e70   0x00001e70   0x0000000c   Code   RO           70    i.stdout_putchar    retarget_io.o
    0x00001e7c   0x00001e7c   0x0000002c   Code   RO          342    locale$$code        c_w.l(lc_numeric_c.o)
    0x00001ea8   0x00001ea8   0x0000000c   Code   RO          271    x$fpl$dretinf       fz_wm.l(dretinf.o)
    0x00001eb4   0x00001eb4   0x00000056   Code   RO          255    x$fpl$f2d           fz_wm.l(f2d.o)
    0x00001f0a   0x00001f0a   0x0000008c   Code   RO          273    x$fpl$fnaninf       fz_wm.l(fnaninf.o)
    0x00001f96   0x00001f96   0x0000000a   Code   RO          554    x$fpl$fpinit        fz_wm.l(fpinit.o)
    0x00001fa0   0x00001fa0   0x00000004   Code   RO          257    x$fpl$printf1       fz_wm.l(printf1.o)
    0x00001fa4   0x00001fa4   0x00000000   Code   RO          275    x$fpl$usenofp       fz_wm.l(usenofp.o)
    0x00001fa4   0x00001fa4   0x00000017   Data   RO           71    .constdata          retarget_io.o
    0x00001fbb   0x00001fbb   0x00000001   PAD
    0x00001fbc   0x00001fbc   0x00000094   Data   RO          303    .constdata          c_w.l(bigflt0.o)
    0x00002050   0x00002050   0x00000050   Data   RO            5    .conststring        main.o
    0x000020a0   0x000020a0   0x00000020   Data   RO          645    Region$$Table       anon$$obj.o
    0x000020c0   0x000020c0   0x0000001c   Data   RO          341    locale$$data        c_w.l(lc_numeric_c.o)


    Execution Region ER_RW (Exec base: 0x20000000, Load base: 0x000020dc, Size: 0x00000fd8, Max: 0xffffffff, ABSOLUTE, COMPRESSED[0x00000e30])

    Exec Addr    Load Addr    Size         Type   Attr      Idx    E Section Name        Object

    0x20000000   COMPRESSED   0x00000fc8   Data   RW            6    .data               main.o
    0x20000fc8   COMPRESSED   0x00000004   Data   RW          161    .data               system_armcm4.o
    0x20000fcc   COMPRESSED   0x00000004   Data   RW          268    .data               c_w.l(stdio_streams.o)
    0x20000fd0   COMPRESSED   0x00000004   Data   RW          269    .data               c_w.l(stdio_streams.o)
    0x20000fd4   COMPRESSED   0x00000004   Data   RW          270    .data               c_w.l(stdio_streams.o)


    Execution Region ER_ZI (Exec base: 0x20000fd8, Load base: 0x00002f0c, Size: 0x00001160, Max: 0xffffffff, ABSOLUTE)

    Exec Addr    Load Addr    Size         Type   Attr      Idx    E Section Name        Object

    0x20000fd8        -       0x00000054   Zero   RW          265    .bss                c_w.l(stdio_streams.o)
    0x2000102c        -       0x00000054   Zero   RW          266    .bss                c_w.l(stdio_streams.o)
    0x20001080        -       0x00000054   Zero   RW          267    .bss                c_w.l(stdio_streams.o)
    0x200010d4        -       0x00000060   Zero   RW          349    .bss                c_w.l(libspace.o)
    0x20001134   0x00002f0c   0x00000004   PAD
    0x20001138        -       0x00000c00   Zero   RW          150    HEAP                startup_armcm4.o
    0x20001d38        -       0x00000400   Zero   RW          149    STACK               startup_armcm4.o


==============================================================================

Image component sizes


      Code (inc. data)   RO Data    RW Data    ZI Data      Debug   Object Name

       224         20         80       4040          0       5939   main.o
       388         30         23          0          0       6798   retarget_io.o
        64         26        192          0       4096        876   startup_armcm4.o
        48         18          0          4          0        687   system_armcm4.o

    ----------------------------------------------------------------------
       726         94        328       4044       4096      14300   Object Totals
         0          0         32          0          0          0   (incl. Generated)
         2          0          1          0          0          0   (incl. Padding)

    ----------------------------------------------------------------------

      Code (inc. data)   RO Data    RW Data    ZI Data      Debug   Library Member Name

       146          0          0          0          0       1015   arm_mult_f32.o
       100          0          0          0          0          0   __dclz77c.o
         8          0          0          0          0         68   __main.o
       104          0          0          0          0         84   __printf.o
         0          0          0          0          0          0   __rtentry.o
        12          0          0          0          0          0   __rtentry2.o
         6          0          0          0          0          0   __rtentry4.o
        52          8          0          0          0          0   __scatter.o
        28          0          0          0          0          0   __scatter_zi.o
        48          6          0          0          0         96   _printf_char_common.o
        36          4          0          0          0         80   _printf_char_file.o
         6          0          0          0          0          0   _printf_f.o
      1054          0          0          0          0        216   _printf_fp_dec.o
       128         16          0          0          0         84   _printf_fp_infnan.o
         0          0          0          0          0          0   _printf_percent.o
         4          0          0          0          0          0   _printf_percent_end.o
       228          4        148          0          0         96   bigflt0.o
      1936        128          0          0          0        672   btod.o
        10          0          0          0          0         68   defsig_exit.o
        50          0          0          0          0         88   defsig_general.o
        80         58          0          0          0         76   defsig_rtmem_inner.o
        14          0          0          0          0         80   defsig_rtmem_outer.o
        52         38          0          0          0         76   defsig_rtred_inner.o
        14          0          0          0          0         80   defsig_rtred_outer.o
        18          0          0          0          0         80   exit.o
        76          0          0          0          0         88   fclose.o
         8          0          0          0          0         68   ferror.o
       470          0          0          0          0         88   flsbuf.o
       236          4          0          0          0        128   fopen.o
        26          0          0          0          0         68   fputc.o
       248          6          0          0          0         84   fseek.o
        66          0          0          0          0         76   ftell.o
        94          0          0          0          0         80   h1_alloc.o
        52          0          0          0          0         68   h1_extend.o
        78          0          0          0          0         80   h1_free.o
        14          0          0          0          0         84   h1_init.o
         6          0          0          0          0        152   heapauxi.o
         4          0          0          0          0        136   hguard.o
         0          0          0          0          0          0   indicate_semi.o
       138          0          0          0          0        168   init_alloc.o
       312         46          0          0          0        112   initio.o
        44         10         28          0          0         76   lc_numeric_c.o
         2          0          0          0          0          0   libinit.o
        34          0          0          0          0          0   libinit2.o
         2          0          0          0          0          0   libshutdown.o
         6          0          0          0          0          0   libshutdown2.o
         8          4          0          0         96         68   libspace.o
       138          0          0          0          0         80   lludiv10.o
         0          0          0          0          0          0   maybetermalloc1.o
        24          4          0          0          0         84   noretval__2printf.o
         8          4          0          0          0         68   rt_errno_addr_intlibspace.o
         8          4          0          0          0         68   rt_heap_descriptor_intlibspace.o
         8          4          0          0          0         68   rt_locale_intlibspace.o
        78          0          0          0          0         80   rt_memclr_w.o
         2          0          0          0          0          0   rtexit.o
        10          0          0          0          0          0   rtexit2.o
        70          0          0          0          0         80   setvbuf.o
       240          6          0          0          0        156   stdio.o
         0          0          0         12        252          0   stdio_streams.o
       128          0          0          0          0         68   strcmpv7m.o
        12          4          0          0          0         68   sys_exit.o
        74          0          0          0          0         80   sys_stackheap_outer.o
        14          0          0          0          0         76   sys_wrch.o
         2          0          0          0          0         68   use_no_semi.o
        12          0          0          0          0        116   dretinf.o
        86          4          0          0          0        132   f2d.o
       140          4          0          0          0        132   fnaninf.o
        10          0          0          0          0        116   fpinit.o
         4          0          0          0          0        116   printf1.o
         0          0          0          0          0          0   usenofp.o
        48          0          0          0          0        124   fpclassify.o

    ----------------------------------------------------------------------
      7182        366        176         12        352       6363   Library Totals
         8          0          0          0          4          0   (incl. Padding)

    ----------------------------------------------------------------------

      Code (inc. data)   RO Data    RW Data    ZI Data      Debug   Library Name

       146          0          0          0          0       1015   arm_cortexM4lf_math.lib
      6728        358        176         12        348       4612   c_w.l
       252          8          0          0          0        612   fz_wm.l
        48          0          0          0          0        124   m_wm.l

    ----------------------------------------------------------------------
      7182        366        176         12        352       6363   Library Totals

    ----------------------------------------------------------------------

==============================================================================


      Code (inc. data)   RO Data    RW Data    ZI Data      Debug   

      7908        460        504       4056       4448      16863   Grand Totals
      7908        460        504       3632       4448      16863   ELF Image Totals (compressed)
      7908        460        504       3632          0          0   ROM Totals

==============================================================================

    Total RO  Size (Code + RO Data)                 8412 (   8.21kB)
    Total RW  Size (RW Data + ZI Data)              8504 (   8.30kB)
    Total ROM Size (Code + RO Data + RW Data)      12044 (  11.76kB)

==============================================================================

